2026-09-14 16:03:27,757 transformer_policy INFO TransformerPolicy device: cuda
2026-09-14 16:03:29,018 transformer_policy INFO inference bf16 autocast ON
2026-09-14 16:03:29,175 transformer_policy WARNING relset.pt was trained under observation epoch 1; this sim is 3. The weights encode a different observation distribution, so any match against a checkpoint from another epoch is CROSS-BUILD: re-measure, do not chain numbers (see constants.OBSERVATION_EPOCH).
2026-09-14 16:03:29,203 transformer_policy INFO Loaded checkpoint from training/checkpoints/relset.pt (decision_step=0)
2026-09-14 16:03:29,216 eval_sim INFO [bench_serve_graph] loaded relset.pt
2026-09-14 16:03:29,247 replay_dataset INFO Loaded 356 unit types from unit_stats.json
2026-09-14 16:03:34,551 bench_serve_graph INFO 32 positions, packed trunk True, bf16 True
| batch | tokens | infer_batch ms | encode ms | forward eager ms | forward graph ms | priors ms | launches | device busy ms | busy of wall |
|---|---|---|---|---|---|---|---|---|---|
| 8 | 3316 | 7.66 | 0.95 | 4.10 | 1.68 | 2.06 | 406 | 2.04 | 0.03 |
| 16 | 5950 | 9.69 | 1.06 | 4.54 | 2.55 | 2.68 | 406 | 3.00 | 0.11 |

batch 8 seam stages, ms per call: encode 53.85, forward 73.74, priors 12.65, finish 0.07, reply 0.18, stream_span 140.25
batch 8 infer_batch through graphed serve: 3.44 ms (min 3.36); {'graphs': True, 'served': 55, 'fallbacks': {}, 'capture_s': 0.3, 'buckets': {'8x64x1024x4096': 55}}; diff vs eager {'value': 0.0019529163837432861, 'prior': 0.0037476092188430954, 'same_actions': True}
batch 8 graph vs eager max abs diff: {'actor_logits': 0.0, 'target_logits': 0.0, 'value': 0.0}
batch 8 top kernels: void cutlass::Kernel2<cutlass_80_tensoro x25 0.60 ms; void at::native::unrolled_elementwise_ke x100 0.31 ms; void pytorch_flash::flash_fwd_kernel<pyt x8 0.26 ms; ampere_bf16_s1688gemm_bf16_128x128_ldg8_ x8 0.19 ms; void at::native::(anonymous namespace):: x16 0.11 ms; void at::native::unrolled_elementwise_ke x16 0.08 ms

batch 16 seam stages, ms per call: encode 1.35, forward 9.61, priors 3.43, finish 0.08, reply 0.18, stream_span 14.39
batch 16 infer_batch through graphed serve: 4.58 ms (min 4.54); {'graphs': True, 'served': 55, 'fallbacks': {}, 'capture_s': 0.15, 'buckets': {'16x64x1024x6144': 55}}; diff vs eager {'value': 0.002894967794418335, 'prior': 0.0018504948350664893, 'same_actions': True}
batch 16 graph vs eager max abs diff: {'actor_logits': 0.0, 'target_logits': 0.0, 'value': 0.0}
batch 16 top kernels: void cutlass::Kernel2<cutlass_80_tensoro x36 1.34 ms; void at::native::unrolled_elementwise_ke x100 0.38 ms; void pytorch_flash::flash_fwd_kernel<pyt x8 0.37 ms; void at::native::(anonymous namespace):: x16 0.18 ms; void at::native::unrolled_elementwise_ke x16 0.12 ms; void at::native::(anonymous namespace):: x15 0.09 ms
wrote /workspace/servegraph/serve_graph.json
