Wot^Xo, Wot^Xo, Wot^Xo, Wot^Xo, Wwt^Xo, Wwt^Xo, Wwt^Xo, Wwt^Xo, Ss^Xo, Ss^Xo, Ss^Xo, Wwt^Xo, Gs^Xo, Gd^Xo, Gs^Xo, Gs^Xo, Hh^Xo, Hh^Xo, Gs^Xo, Ss^Xo, Ss^Xo, Gs^Xo, Gs^Xo, Gs^Xo, Mm^Xm, Mm^Xm, Mm^Xm, Gs^Xo, Wwt^Xo, Gs^Xo, Wwt^Xo, Gs^Xo, Gs^Ftp, Gs^Xo, Wwt, Wot^Xo, Wwt, Wot^Xo, Wot
Wot, Wot^Xo, Ss, Wwt^Xo, Ss, Ss^Xo, Ss^Xo, Ss^Xo, Ss, Ss^Xo, Gs, Gd^Xo, Gs, Gs^Xo, Gs, Hh^Xo, Gs, Hh^Xo, Gs, Ss^Xo, Gd, Gs^Xo, Gs^Ftp, Hh^Xo, Mm^Xm, Mm^Xm, Hh^Ftp, Hh^Xo, Gs^Ftp, Gs^Xo, Wwt^Xo, Ss^Ftp, Hh^Ftp, Ss, Hh^Ftp, Wwt, Gs^Ftp, Wot, Wot
Wwt, Wwt, Gs^Ftp, Hh^Ftp, Mm^Xm, Ss^Ftp, Mm^Xm, Ss^Ftp, Gs, Gs^Ftp, Hh^Ftp, Hh^Ftp, Mm^Xm, Gs^Vht, Gd, Gs, Tb^Tf, Gd, Chs, Chs, Gs, Hh^Ftp, Hh, Gs, Wwf, Mm^Xm, Gs, Gd, Gs, Gs, Gs, Ss^Xo, Mm^Xm, Hh^Ftp, Mm^Xm, Hh^Ftp, Ss^Ftp, Wwt, Wwt
Wwt, Ss, Hh^Ftp, Hh^Ftp, Mm^Xm, Mm^Xm, Hh^Ftp, Mm^Xm, Gs, Gs^Ftp, Gd, Mm^Xm, Gs, Gs, Gs, Gs^Ftp, Gd, Mm^Xm, Hh^Ftp, Chs, Mm^Xm, Gd, Gs, Gs^Ftp, Wwf, Hh, Gd, Gs^Vc, Gd, Gs^Ftp, Hh, Mm^Xm, Wwf, Mm^Xm, Mm^Xm, Mm^Xm, Hh^Ftp, Gs^Ftp, Wwt
Wwt, Ss^Ftp, Hh^Ftp, Mm^Xm, Hh^Ftp, Mm^Xm, Gs, Gd, Gs, Gs, Gs, Gs, Hh^Ftp, Gs, Gs, Gs, Gs, Mm^Xm, Gs, 1 Khs, Wwf, Wwf, Wwf, Wwf, Gs, Gs, Gs, Gs, Gs, Gs^Ftp, Wwf, Wwf, Gs, Gs, Mm^Xm, Mm^Xm, Hh^Ftp, Ss, Wwt
Ss^Ftp, Wwt, Mm^Xm, Mm^Xm, Gs^Ftp, Wwf, Gs, Gs^Ftp, Mm, Gs, Wwf, Gs, Gs, Gs, Khr, Gs, Gd, Gd, Gs, Wwf, Gs, Gs, Gs, Wwf, Wwf, Wwf, Wwf, Wwf, Wwf, Wwf, Wwrt, Gs, Gd, Gs^Ftp, Gd, Mm^Xm, Ss^Xo, Gs^Ftp, Wwt
Wwt, Ss^Ftp, Mm^Xm, Hh^Ftp, Gs, Wwf, Wwf, Gs, Wwf, Wwf, Gs, Wwf, Chr, Chr, Wwf, Gs, Gs, Gs, Ss, Wwf, Gs, Gs^Ftp, Gd, Gs, Khr, Chr, Chr, Gs, Gs, Wwf, Wwf, Wwrt, Wwf, Gs, Gs^Vc, Gs, Ss, Wwt^Xo, Wwt^Xo
Wwt^Xo, Hh^Ftp, Mm^Xm, Gs, Gd, Gd, Hh, Wwf, Gs, Gs^Vc, Gd, Chr, Gs, Wwf, Gs, Wwf, Wwf, Hh, Wwt, Wwf, Gs, Ss, Hh^Ftp, Gs, Gd, Chr, Tb^Tf, Gs, Gd, Hh^Ftp, Gs, Wwf, Gs^Ftp, Wwf, Wwf, Gs, Gs, Gs^Ftp, Wwt
Hh^Ftp, Gs^Xo, Gs^Ftp, Gs, Wwt, Gs, Wwf, Wwf, Wwf, Gs, Mm^Xm, Gs, Gs, Gd, Gs^Vht, Gs, Gd, Wwf, Wwf, Wwt, Gs, Gd, Gs, Gs, Gs, Gs, Gd, Gs, Gs, Gs^Vht, Tb^Tf, Ss, Gs, Gs, Wwf, Wwf, Gs, Ss, Wwt
Wwf, Gs, Wwf, Wwrt, Wwf, Wwf, Gs, Gs, Wwf, Gd, Gs, Mm^Xm, Hh^Ftp, Gs, Gs, Gs, Tb^Tf, Gs, Wwt, Wot, Gs, Gs, Gd, Gs, Hh^Ftp, Mm^Xm, Mm^Xm, Mm^Xm, Gd, Uue, Wwf, Wwf, Hh, Gd, Tb^Tf, Tb^Tf, Wwt, Ss^Ftp, Hh^Ftp
Hh^Ftp, Wwf, Gs, Wwf, Gd, Gs, Khr, Chr, Wwf, Gs, Chr, Mm^Xm, Mm^Xm, Mm^Xm, Mm^Xm, Uue, Hh, Wwf, Wot, Wot, Wwrt, Gs^Vht, Gs, Gs, Mm^Xm, Mm^Xm, Khr, Chr, Gs, Hh, Wwf, Gs, Chr, Uue, Gs, Wwf, Wwf, Gs^Ftp, Hh^Ftp
Mm^Xm, Mm^Xm, Uue, Gs, Gs^Vht, Gs, Chr, Gs, Mm^Xm, Gs, Gs, Khr, Chr, Gs, Tb^Tf, Gs, Tb^Tf, Wot, Mm^Xm, Mm^Xm, Wot, Uue, Tb^Tf, Gd, Uue, Gs, Chr, Gs, Uue, Mm^Xm, Wwf, Gs, Gd, Khr, Gd, Gs, Wwf, Mm^Xm, Mm^Xm
Mm^Xm, Mm^Xm, Mm^Xm, Gs, Tb^Tf, Gs, Chr, Gd, Mm^Xm, Ss, Gs, Gd, Gs, Hh, Ss, Wwf, Wwrt, Wot, Mm^Xm, Mm^Xm, Mm^Xm, Wot, Wwf, Hh^Ftp, Gs, Hh^Ftp, Gd, Gd, Mm^Xm, Mm^Xm, Hh^Ftp, Mm^Xm, Gs, Chr, Gs, Gs^Ftp, Gs, Wwf, Mm^Xm
Mm^Xm, Hh^Ftp, Gs, Gd, Gs, Chr, Gs, Gs, Hh^Ftp, Mm^Xm, Mm^Xm, Gs, Chr, Gs^Ftp, Gs, Wwf, Wwf, Wot, Mm^Xm, Mv, Mm^Xm, Wot, Wwrt, Wwf, Ss, Gs^Ftp, Chr, Gs, Gs, Mm^Xm, Mm^Xm, Gs, Chr, Chr, Tb^Tf, Gd, Mm^Xm, Hh^Ftp, Mm^Xm
Mm^Xm, Wwf, Wwf, Gs^Ftp, Gd, Chr, Gd, Mm^Xm, Wwf, Mm^Xm, Uue, Gd, Chr, Hh^Ftp, Uue, Hh^Ftp, Tb^Tf, Wot, Wot, Mm^Xm, Mm^Xm, Wot, Tb^Tf, Wwf, Tb^Tf, Hh, Chr, Gd, Gs, Ss, Mm^Xm, Gd, Chr, Gs, Gs^Vht, Gs, Uue, Mm^Xm, Mm^Xm
Hh^Ftp, Mm^Xm, Wwf, Gs, Gs, Khr, Chr, Gs, Wwf, Mm^Xm, Gs, Gs, Khr, Gs, Mm^Xm, Gd, Gs, Uue, Wwrt, Mm^Xm, Wot, Wot, Hh, Gs, Mm^Xm, Gs, Mm^Xm, Khr, Chr, Gs, Wwf, Gs, Khr, Gs, Gd, Gs, Gs, Mm^Xm, Hh^Ftp
Hh^Ftp, Gs^Ftp, Wwt, Wwf, Tb^Tf, Uue, Hh, Gs, Wwf, Hh, Gd, Chr, Mm^Xm, Mm^Xm, Hh^Ftp, Gs, Gd, Gs^Vht, Gs, Wot, Wwt, Wwf, Tb^Tf, Uue, Gs, Mm^Xm, Hh^Ftp, Mm^Xm, Gs, Gs, Wwf, Chr, Gs, Gs, Wwf, Wwf, Wwf, Wwf, Wwf
Wwt, Ss^Ftp, Gs, Tb^Tf, Wwf, Gd, Gs, Wwf, Tb^Tf, Uue, Gs, Mm^Xm, Gd, Mm^Xm, Gs, Gs, Gs, Gs, Gs, Wot, Wwf, Gs, Gd, Gs, Gs^Vht, Gs, Gs, Mm^Xm, Mm^Xm, Gd, Wwf, Gs, Wwf, Wwf, Wwt, Wwrt, Gs^Ftp, Gs, Hh^Ftp
Wwt, Ss, Gs, Wwf, Wwf, Gs, Gs^Ftp, Ss, Gs, Gs^Vht, Gd, Gs, Tb^Tf, Gs, Gd, Gs, Hh^Ftp, Gd, Gs, Wwrt, Wwt, Wwf, Wwf, Gs, Gs, Gd, Gs, Gs, Gd, Gs, Gs, Wwf, Hh, Gs, Gd, Gs, Mm^Xm, Gs^Xo, Wwt^Xo
Wwt^Xo, Gs^Ftp, Ss, Gs, Gs^Vc, Wwf, Wwf, Wwf, Wwf, Hh^Ftp, Gs, Gs, Chr, Chr, Khr, Gs, Gd, Ss, Gs, Wwf, Ss, Hh, Gs, Wwf, Wwf, Wwf, Chr, Chr, Gs, Gs^Vc, Wwf, Wwf, Wwf, Gd, Gs, Gs, Mm^Xm, Hh^Ftp, Wwt
Wwt, Wwt^Xo, Ss^Xo, Gs, Gd, Gs, Gd, Wwrt, Wwrt, Wwf, Wwf, Gs, Wwf, Chr, Wwf, Gs, Gs, Gs^Ftp, Gs, Wwf, Gs, Gs, Gd, Gs, Khr, Chr, Gs, Wwf, Wwf, Wwf, Mm, Gs, Gs, Wwf, Gs^Ftp, Hh^Ftp, Mm^Xm, Ss^Ftp, Ss^Ftp
Wwt, Gs^Ftp, Hh^Ftp, Mm^Xm, Mm^Xm, Gs^Ftp, Gs, Gs, Wwf, Wwf, Gs, Wwf, Gs, Wwf, Gs, Wwf, Wwf, Gs, Wwf, Wwf, Gs, Gd, Gs, Gs, Gs, Gs, Hh^Ftp, Gs, Gs, Gs, Gs, Gs^Ftp, Gs, Wwf, Hh^Ftp, Mm^Xm, Hh^Ftp, Wwt, Wwt
Wwt, Ss, Hh^Ftp, Mm^Xm, Mm^Xm, Gs, Wwf, Wwf, Hh, Gs^Ftp, Gd, Gs, Gd, Gs, Wwf, Wwf, Gs, Wwf, Mm^Xm, 2 Khs, Hh^Ftp, Mm^Xm, Gd, Gs, Gs, Gs, Gs, Gs, Gd, Gs, Gs, Gd, Hh^Ftp, Mm^Xm, Mm^Xm, Mm^Xm, Hh^Ftp, Ss^Ftp, Wwt
Wwt, Gs^Ftp, Ss^Ftp, Mm^Xm, Mm^Xm, Mm^Xm, Mm^Xm, Mm^Xm, Gs, Gs^Ftp, Gs, Gs^Vc, Gs, Hh, Wwf, Gs^Ftp, Hh, Gd, Gs, Chs, Chs, Mm^Xm, Tb^Tf, Gs^Ftp, Gd, Gs, Mm^Xm, Mm^Xm, Hh^Ftp, Gs^Ftp, Gs, Mm^Xm, Mm^Xm, Mm^Xm, Mm^Xm, Hh^Ftp, Gs^Ftp, Ss, Wwt
Wot, Wwt, Gs^Ftp, Hh^Ftp, Hh^Ftp, Hh^Ftp, Hh^Ftp, Ss^Xo, Wwt^Xo, Gs, Gs^Ftp, Gd, Hh^Ftp, Mm^Xm, Mm^Xm, Gs, Gs^Ftp, Hh^Ftp, Gd, Chs, Gs, Gd, Gs, Gs, Gs, Gs^Vht, Gs, Hh^Ftp, Gs, Gs^Ftp, Ss, Ss^Ftp, Ss^Xo, Ss^Ftp, Ss, Hh^Ftp, Ss, Wwt, Wot
Wot, Wot, Wwt, Wwt, Wwt, Ss, Gs^Ftp, Ss^Ftp, Wwt^Xo, Gs^Ftp, Wwt, Hh^Ftp, Mm^Xm, Mm^Xm, Mm^Xm, Hh^Ftp, Gs, Gs, Ss, Ss^Xo, Gs^Xo, Hh^Xo, Hh^Xo, Hh^Xo, Gs^Xo, Gs^Xo, Gs^Xo, Gd^Xo, Ss^Xo, Ss^Xo, Ss^Xo, Ss^Xo, Wwt^Xo, Ss^Xo, Wwt^Xo, Wwt^Xo, Wot^Xo, Wot^Xo, Wot^Xo
