Wot, Wot, Wwt, Wwt, Wwrt, Ds, Ds, Hh, Mm^Xm, Mm^Xm, Hh, Hh, Hh^Ftp, Gg, Mm^Xm, Mm^Xm, Mm^Xm, Gg, Ss, Hh^Ftp, Hh^Ftp, Mm^Xm, Mm^Xm, Mm^Xm, Mm^Xm, Gg, Hh, Hh, Hh^Ftp, Ds, Ds, Ds, Wwrt, Wot, Wwt, Wot, Wot
Wot, Wot, Wwt, Wwrt, Ds, Ds, Rp, Ss^Tf, Ss^Tf, Mm^Xm, Ss^Tf, Gg, Rp, Mm^Xm, Ss^Tf, Ss^Tf, Ss^Tf, Ss^Tf, Ss, Hh, Gs^Ftp, Ss^Tf, Ss^Tf, Ss^Tf, Ss^Tf, Mm^Xm, Gs, Mm^Xm, Hh, Gs, Gs, Ds, Ds, Wwrt, Wwt, Wot, Wot
Wot, Wwt, Wwt, Wwrt, Ds, Ds, Rp, Hh^Ftp, Ss^Tf, Ss^Tf, Rp, Gs^Ftp, Rp, Rp, Rp, Gs^Ftp, Rp, Rp, Ch, Rp, Rp, Ss^Tf, Rp, Gs^Ftp, Rp, Rp, Gs^Ftp, Rp, Rp, Hh^Ftp, Gs, Ds, Ds, Wwrt, Wwt, Wwt, Wot
Wwt, Wwt, Wwrt, Wwrt, Ds, Rp, Gs^Ftp, Hh, Hh^Ftp, Rp, Rp, Rp, Wwt, Wwt, Wwt, Wwt, Ch, Ch, 1 Kh, Ch, Ch, Wwt, Wwt, Rp, Rp, Rp, Rp, Rp, Ds, Rp, Rp, Gs^Ftp, Rp, Ds, Wwrt, Wwt, Wot
Wwt, Wwt, Wwrt, Wwt, Wwt, Rp, Gs, Gs, Wwt, Wwt, Wwt, Wwt, Gd, Gs^Ftp, Gg, Kh, Rp, Ch, Ch, Ch, Ss, Kh, Rp, Wwt, Wwt, Wwt, Wwt, Wwt, Wwt, Ds, Gs^Ftp, Rp, Wwt, Wwt, Ds, Wwt, Wot
Wwt, Wwt, Wwrt, Ds, Gs, Wwt, Wwt, Wwt, Gs^Ftp, Gg, Gd, Gs^Ftp, Gd, Gs, Ss^Tf, Ss, Rp, Gs, Rp, Rp, Rp, Ss^Tf, Ss^Tf, Rp, Rp, Rp, Ds, Ds, Wwt, Ds, Ds, Ds, Wwt, Ds, Gs^Ftp, Wwt, Wwrt
Wwt, Wwt, Wwrt, Ds, Gs, Wwt, Gg, Gs, Hh, Ss^Tf, Gg, Gd, Rp, Rp, Rp, Rp, Rp, Rp, Rp, Rp, Ss^Tf, Gs, Gd, Ss^Tf, Rp, Rp^Vht, Rp, Gs^Ftp, Ds, Wwt, Wwt, Wwt, Ds, Wwt, Ds, Wwt, Wwrt
Wwt, Wwt, Wwrt, Ds, Wwt, Wwt, Gs^Ftp, Ss^Tf, Ss^Tf, Gs^Vht, Gs^Ftp, Mm, Rp, Rp, Ss^Tf, Gs, Rp, Hh^Ftp, Rp, Rp^Vht, Ss^Tf, Gs^Ftp, Gd, Rp, Rp, Rp, Ss, Ds, Rp, Wwt, Ds, Ds, Ds, Wwt, Wwt, Wwt, Wwt
Wot, Wwt, Wwt, Wwt, Ds, Ds, Gs, Gg, Gd, Gs, Gs, Rp, Rp, Rp^Vht, Ss^Tf, Rp, Rp, Mm, Rp, Rp, Rp, Gs, Hh, Gd, Rp, Rp, Hh, Rp, Rp, Wwt, Gs, Gs^Ftp, Hh, Ds, Wwrt, Wwt, Wot
Wot, Wwt, Wwrt, Wwrt, Ds, Ds, Ds, Gd, Gd, Gg, Rp, Rp, Hh^Ftp, Rp, Rp, Rp, Hh, Ss, Mm^Xm, Rp, Rp, Rp, Rp, Gs^Ftp, Rp, Ss, Rp, Rp, Wwt, Wwt, Ss^Tf, Gs, Ds, Wwrt, Wwt, Wot, Wot
Wot, Wwt, Wwrt, Ds, Gs^Ftp, Ds, Ds, Gs^Ftp, Gg, Hh, Rp, Rp, Ss^Tf, Gg, Gd, Gd, Gs, Gg, Ss^Tf, Rp, Rp, Rp, Rp, Rp, Rp, Rp, Rp, Gs^Ftp, Gs^Vht, Wwt, Wwt, Gs^Ftp, Ds, Wwrt, Wot, Wot, Wot
Wot, Wwt, Wwrt, Ds, Ds, Ds, Rp, Ds^Vht, Rp, Rp, Rp, Rp, Gg, Gd, Gg, Gs^Ftp, Gs, Wwt, Uh, Gd, Gs^Vht, Hh^Ftp, Gd, Rp, Rp, Ch, Gs, Gs, Gd, Gd, Ds, Wwt, Wwrt^Bw/, Wwt, Wot, Wot, Wot
Wot, Wwt, Wwt^Bw/, Wwrt^Bw/, Ds, Ce, Rp, Rp, Rp, Rp, Gg, Gs, Gs^Vht, Ss, Ss^Tf, Ch, Wwt, Mm^Xm, Ss, Wwt, Gg, Gd, Gg, Gd, Gd, Gs, Mm^Xm, Wwrt, Gd, Gs, Ds^Bw/, Ds^Bw/, Wwrt, Wwt, Wot, Wot, Wot
Wot, Wwt^Bw/, Wwt, Wwrt, Wwrt, Ds, Rp^Bw/, Rp, Rp, Gs^Ftp, Gs, Mm, Mm^Xm, Mm^Xm, Gg, Uh, Mm^Xm, Gg, Uh, Wwt, Gs^Ftp, Gs, Gs, Ss^Tf, Hh, Mm^Xm, Gs, Gd, Ds^Bw/, Ds^Bw/, Ds, Wwrt, Wwrt^Bw/, Wwt^Bw/, Wwt, Wot, Wot
Wot, Wot, Wwt, Wwt, Wwrt^Bw/, Ds^Bw/, Ds, Hh, Wwrt, Rp, Uh, Ss^Tf, Gs, Gg, Hh^Ftp, Ss, Wwt, Mm^Xm, Ss, Ss^Tf, Gd, Wwt, Gd, Gd, Gs, Gs, Ch, Gs, Gs^Ftp, Ds, Ds^Bw/, Wwrt^Bw/, Wwrt, Wwt, Wwt, Wot, Wot
Wot, Wot, Wwt^Bw/, Wwt^Bw/, Wwrt, Wwrt, Ds, Rp, Rp, Rp, Rp, Wwt, Gd, Gd, Gg, Gs, Mm^Xm, Ss^Tf, Mm^Xm, Mm, Mm^Xm, Mm, Gg, Gd^Esd, Gd, Gs, Rp, Rp, Rp, Rp^Bw/, Ds, Wwrt, Wwrt, Wwt, Wwt^Bw/, Wot, Wot
Wot, Wot, Wwt, Wwt, Wwrt, Wwrt, Ds^Bw/, Rp^Bw/, Gs^Ftp, Rp, Ch, Gs, Gs, Gd, Gd, Mm, Gd, Mm, Ss, Ss^Tf, Wwt, Gs, Hh^Ftp, Gd, Gs, Wwt, Uh, Rp, Wwrt, Rp, Ds, Wwrt, Wwrt^Bw/, Wwt^Bw/, Wwt, Wot, Wot
Wot, Wot, Wwt, Wwt, Wwrt^Bw/, Wwrt^Bw/, Ds, Ds, Ds^Bw/, Gs, Gs, Gs, Hh, Gd, Gs, Wwt, Gs^Ftp, Ss^Tf, Uh, Mm^Xm, Mm^Xm, Ss, Gg, Gg, Mm^Xm, Ss^Tf, Gs, Rp, Rp, Hh, Rp^Bw/, Ds^Bw/, Wwrt, Wwt, Wwt, Wot, Wot
Wot, Wot, Wot, Wwt^Bw/, Wwrt, Wwrt, Ds^Bw/, Ds^Bw/, Gd, Gd, Mm^Xm, Mm^Xm, Gd, Ss^Tf, Gg, Gs, Gg, Wwt, Ss, Gg, Wwt, Uh, Ss^Tf, Mm^Xm, Gs^Vht, Mm, Gg, Gs^Ftp, Rp, Rp, Rp, Ds, Ds, Wwrt, Wwt^Bw/, Wwt^Bw/, Wot
Wot, Wot, Wot, Wwt, Wwrt^Bw/, Ds^Bw/, Ds, Gs, Gd, Wwrt, Gs, Gs, Rp, Gd, Gd, Gd, Gs^Vht, Wwt, Uh, Mm^Xm, Gs, Ch, Gg, Ss, Gg, Gs, Rp, Rp, Rp, Rp, Rp, Ce, Ds, Wwrt^Bw/, Wwrt, Wwt, Wot
Wot, Wot, Wot, Wwt, Ds, Wwt, Wwt, Gd, Gs^Vht, Gs, Rp, Ch, Rp, Rp, Rp, Hh^Ftp, Rp, Gd, Ss^Tf, Wwt, Gs, Gs^Ftp, Gd, Gd, Ss^Tf, Rp, Rp, Rp, Gg, Ds^Vht, Ds, Ds, Gs^Ftp, Ds, Wwrt, Wwt, Wot
Wot, Wot, Wwt, Wwrt, Ds, Gs^Ftp, Ss^Tf, Wwt, Wwt, Gs^Ftp, Rp, Rp, Rp, Rp, Rp, Rp, Rp, Rp, Mm^Xm, Gg, Hh, Gd, Rp, Gg, Hh^Ftp, Rp, Rp, Hh, Gd, Gs^Ftp, Ds, Ds, Ds, Ds, Wwrt, Wwt, Wot
Wot, Wot, Wwrt, Wwrt, Hh, Gs, Gs, Wwt, Rp, Rp, Hh, Ss, Rp, Gs^Ftp, Hh, Rp, Rp, Rp, Rp, Ss, Rp, Rp, Ss^Tf, Rp, Rp, Rp, Gs, Gg, Gd, Gd, Gs, Ds, Ds, Wwrt, Wwt, Wwt, Wot
Wwt, Wwt, Wwt, Ds, Ds, Gs^Ftp, Ds, Wwt, Rp, Rp, Ss, Rp, Rp, Gd, Gd, Gs, Ss^Tf, Rp, Rp, Mm, Rp, Rp, Ss^Tf, Rp^Vht, Rp, Rp, Gs^Ftp, Gs, Ss^Tf, Gg, Gs^Ftp, Ds, Wwt, Wwt, Wwrt, Wwt, Wwt
Wwrt, Wwt, Ds, Wwt, Ds, Ds, Wwt, Wwt, Ds, Ds, Rp, Rp, Rp, Rp, Gd, Gs^Ftp, Ss^Tf, Rp^Vht, Rp, Hh^Ftp, Rp, Gs, Rp, Rp, Rp, Mm, Gg, Gs^Vht, Hh, Ss^Tf, Gg, Wwt, Gs, Ds, Wwrt, Wwt, Wwt
Wwrt, Wwt, Gs^Ftp, Wwt, Wwt, Wwt, Ds, Wwt, Wwt, Gs^Ftp, Ds, Rp^Vht, Rp, Ss^Tf, Ss^Tf, Gs, Rp, Rp, Rp, Rp, Rp, Rp, Ss^Tf, Rp, Gd, Gd, Gd, Ss^Tf, Gs^Ftp, Gs, Wwt, Wwt, Gs, Ds, Wwrt, Wwt, Wwt
Wot, Wwt, Ds, Ds, Wwt, Ds, Gs^Ftp, Ds, Wwt, Ds, Wwt, Rp, Wwt, Rp, Rp, Ss^Tf, Ss, Rp, Ch, Gs, Rp, Ss, Gg, Gs, Gd, Gs^Ftp, Wwt, Gg, Wwt, Wwt, Gs, Wwt, Wwt, Ds, Wwrt, Wwt, Wwt
Wot, Wwt, Wwrt, Wwt, Rp, Rp, Rp, Ds, Ds, Wwt, Rp, Wwt, Rp, Wwt, Wwt, Kh, Ch, Ch, 2 Kh, Ch, Ch, Kh, Wwt, Gs^Ftp, Wwt, Wwt, Rp, Wwt, Hh^Ftp, Gs, Gs^Ftp, Rp, Ds, Wwt, Wwrt, Wwt, Wwt
Wot, Wwt, Wwt, Ds, Ds, Gs^Ftp, Gs, Rp, Rp, Rp, Gs^Ftp, Rp, Rp, Rp, Rp, Wwt, Rp, Ch, Ch, Ch, Rp, Wwt, Rp, Wwt, Rp, Rp, Rp, Rp, Ss^Tf, Hh, Rp, Rp, Ds, Wwrt, Wwt, Wwt, Wot
Wot, Wwt, Wwt, Wwrt, Ds, Ds, Gs, Hh^Ftp, Hh, Rp, Gs, Rp, Ss^Tf, Gs^Ftp, Ss^Tf, Ss^Tf, Gs^Ftp, Rp, Ss, Rp, Ss^Tf, Gs^Ftp, Ss^Tf, Rp, Rp, Gs^Ftp, Ss^Tf, Ss^Tf, Ss^Tf, Hh^Ftp, Rp, Ds, Ds, Wwrt, Wwt, Wwt, Wot
Wot, Wot, Wwt^Xo, Wwrt, Wwt^Xo, Ds, Ds^Xo, Gs, Hh^Xo, Mm^Xm, Hh^Xo, Mm^Xm, Mm^Xm, Ss^Tf, Mm^Xm, Ss^Tf, Hh^Xo, Hh, Ss^Xo, Ss^Tf, Mm^Xm, Ss^Tf, Mm^Xm, Mm^Xm, Hh^Xo, Gg, Hh^Xo, Mm^Xm, Mm^Xm, Ss^Tf, Ds^Xo, Ds, Wwrt^Xo, Wwrt, Wwt^Xo, Wot, Wot
Wot, Wot, Wwt, Wot, Wwt, Ds, Ds, Ds, Gg, Hh, Gg, Mm^Xm, Mm^Xm, Mm^Xm, Mm^Xm, Mm^Xm, Gg, Hh^Ftp, Gg, Mm^Xm, Hh, Mm^Xm, Mm^Xm, Mm^Xm, Gg, Hh, Gg, Mm^Xm, Gg, Hh, Ds, Ds, Wwrt, Wwrt, Wwt, Wot, Wot
