_off^_usr, _off^_usr, _off^_usr, _off^_usr, _off^_usr, _off^_usr, _off^_usr, _off^_usr, _off^_usr, _off^_usr, _off^_usr, _off^_usr, _off^_usr, _off^_usr, _off^_usr, _off^_usr, _off^_usr, _off^_usr, _off^_usr, _off^_usr, _off^_usr, _off^_usr, _off^_usr, _off^_usr, _off^_usr, _off^_usr, _off^_usr, _off^_usr, _off^_usr, _off^_usr, _off^_usr, _off^_usr, _off^_usr, _off^_usr, _off^_usr, _off^_usr, _off^_usr, _off^_usr, _off^_usr, _off^_usr, _off^_usr, _off^_usr, _off^_usr
_off^_usr, _off^_usr, _off^_usr, _off^_usr, _off^_usr, _off^_usr, _off^_usr, _off^_usr, _off^_usr, _off^_usr, _off^_usr, _off^_usr, Xue, Xv, Mm^Xm, Xv, Xue, Xv, Xue, Xv, Wwg, Xv, Xue, Xv, Xue, Xv, Mm^Xm, Xv, Xue, Xv, Hh, _off^_usr, _off^_usr, _off^_usr, _off^_usr, _off^_usr, _off^_usr, _off^_usr, _off^_usr, _off^_usr, _off^_usr, _off^_usr, _off^_usr
_off^_usr, _off^_usr, _off^_usr, _off^_usr, _off^_usr, _off^_usr, _off^_usr, _off^_usr, _off^_usr, _off^_usr, Gd^Fp, Hhd, Mm^Xm, Xue, Xue, Xue, Hh, Xue, Gs^Fp, Mm^Xm, Hh, Wwg, Hh, Mm^Xm, Gs^Fp, Xue, Xue, Xue, Md, Mm^Xm, Ss, Mm, Rb, _off^_usr, _off^_usr, _off^_usr, _off^_usr, _off^_usr, _off^_usr, _off^_usr, _off^_usr, _off^_usr, _off^_usr
_off^_usr, _off^_usr, _off^_usr, _off^_usr, _off^_usr, _off^_usr, _off^_usr, _off^_usr, Wwf, Md, Gs^Fp, Hhd, Gs^Fp, Mm, Hh, Tb^Tf, Rb, Gs, Gs, Hh, Gs^Fp, Wwg, Mm, Gs^Fp, Gs, Hh, Gs^Em, Gd^Fp, Hhd, Gs^Fp, Gs, Gs^Es, Rb, Wwf, Wwf, _off^_usr, _off^_usr, _off^_usr, _off^_usr, _off^_usr, _off^_usr, _off^_usr, _off^_usr
_off^_usr, _off^_usr, _off^_usr, _off^_usr, _off^_usr, _off^_usr, Xue, Wwf, Rb, Rb, Gd, Hh, Tb^Tf, Hh, Rb^Vc, Gs, Gd, Gd^Es, Cud, Gs, Cud, Wwf, Cud, Hh, Cud, Gs, Gs, Tb^Tf, Gd, Gd, Gd, Gs^Fp, Mm, Rb, Wwf, Xue, Xue, _off^_usr, _off^_usr, _off^_usr, _off^_usr, _off^_usr, _off^_usr
_off^_usr, _off^_usr, _off^_usr, _off^_usr, _off^_usr, Xue, Wwf, Wwf, Rb, Gd^Em, Hhd, Gs, Gd, Gd, Gd, Rb, Rb^Es, Gs, Cud, Kh, Rb, Wwf, Gs, 1 Kh, Cud, Rb, Rb, Gd, Gs^Vc, Gs^Fp, Gd, Hhd, Tb^Tf, Gs^Fp, Rb, Wwf, Xue, Mm^Xm, Xue, _off^_usr, _off^_usr, _off^_usr, _off^_usr
_off^_usr, _off^_usr, _off^_usr, _off^_usr, Xue, Xue, Wwf, Rb, Gs^Fp, Tb^Tf, Gd^Fp, Rb, Gd, Gs, Gs, Gd, Gd, Rb, Gd, Gs, Gs, Wwf, Rb, Gs, Gs, Gs, Gd^Es, Rb, Gd, Gs, Gs, Gd^Em, Gd, Gs, Rb, Wwf, Wwf, Xue, Uh, Xue, Xue, _off^_usr, _off^_usr
_off^_usr, _off^_usr, Xue, Xue, Wwf, Wwf, Rb, Rb, Hhd, Md, Gd, Gd^Es, Gs, Gs^Fp, Rb, Gs, Xue, Rb, Tb^Tf, Gd^Es, Rb, Wwf, Rb, Gs^Fp, Gd, Gd, Rb, Rb^Fp, Xue, Gd, Gd, Gs, Gs^Vc, Gs, Gs^Es, Rb, Wwf, Xue, Wwf, Wwf, Tb^Tf, _off^_usr, _off^_usr
_off^_usr, _off^_usr, Xue, Xue, Wwf, Rb, Gs, Rb, Rb, Gs, Gs, Gs, Rb, Rb, Wwg, Xue, Uh, Rb^Vu, Xue, Rb, Wwf, Wwg, Rb, Gd, Rb, Rb, Wwf, Wwf, Xue, Uh, Tb^Tf, Gs, Rb, Gd^Fp, Gd, Rb, Gs^Es, Wwf, Wwf, Uu, Xue, _off^_usr, _off^_usr
_off^_usr, _off^_usr, Xue, Wwf, Gs^Fp, Hh, Gd, Hh, Gs^Fp, Rb, Gd, Ss^Vhs, Rb, Wwf, Wog, Wog, Wwf, Wwf, Uh, Tb^Tf, Wwf, Wwg, Ss^Vhs, Gs^Fp, Xue, Wwf, Ur^Vu, Rb, Gs, Gs^Fp, Gd^Em, Rb, Cud, Rb, Rb, Rb, Tb^Tf, Gs, Wwf, Xue, Xue, _off^_usr, _off^_usr
_off^_usr, _off^_usr, Wwf, Wwf, Rb, Ss, Gd^Es, Tb^Tf, Gs^Em, Rb, Gd, Gs, Rb, Wwf, Wwf, Wwg, Xue, Uh, Xue, Ur, Wwg, Wwg, Wwf, Xue, Ur, Wwf, Wwf, Rb, Gs, Gd, Rb, Rb, Gd, Gd, Gs, Gd, Rb^Em, Gs^Fp, Rb, Wwf, Xue, _off^_usr, _off^_usr
_off^_usr, _off^_usr, Rb^Em, Gs^Fp, Tb^Tf, Gd, Rb, Gd, Gs, Rb, Rb, Gs, Gs^Es, Rb, Wwf, Xue, Rb, Ur, Xue, Wwf, Wwg, Wog, Uu, Ur, Uh, Tb^Tf, Uh, Wwf, Rb, Gd^Es, Rb, Gs, Hh^Em, Md, Gd^Es, Gd, Gs, Rb, Gs, Wwf, Wwf, _off^_usr, _off^_usr
_off^_usr, _off^_usr, Tb^Tf, Hh, Ss, Gs^Em, Gs^Fp, Gd, Hhd, Gs^Fp, Tb^Tf, Gd, Gd, Rb, Wwf, Xue, Xue, Ur, Wwf, Wwf, Wwg, Tb^Tf, Wwg, Wwg, Wwf, Xue, Xue, Wwf, Wwf, Rb, Gd, Rb, Tb^Tf, Ss, Hhd, Gd, Gs^Fp, Hh, Ss, Md, Tb^Tf, _off^_usr, _off^_usr
_off^_usr, _off^_usr, Wwf, Md, Gs, Hh, Gs, Gd, Gd^Es, Ss, Hh^Em, Rb, Rb, Rb, Rb, Wwf, Uh, Xue, Uh, Wwg, Uu, Tb^Tf, Wwg, Wwf, Xue, Ur, Rb, Xue, Wwf, Rb, Gs^Es, Gd, Rb, Gs^Fp, Gs, Gd, Rb, Gs^Em, Tb^Tf, Hh, Rb^Em, _off^_usr, _off^_usr
_off^_usr, _off^_usr, Xue, Wwf, Rb, Rb, Rb^Em, Gd, Gs, Md, Gd, Gs, Rb, Gd^Es, Gs, Wwf, Wwf, Tb^Tf, Ur, Ur, Wwf, Wog, Wwg, Wwf, Xue, Ur, Xue, Xue, Wwf, Rb, Rb, Gs, Gd, Rb, Gs^Em, Gd, Gd^Es, Gd, Rb, Gs^Fp, Wwf, _off^_usr, _off^_usr
_off^_usr, _off^_usr, Xue, Wwf, Wwf, Gs^Fp, Tb^Tf, Gd, Rb, Gd, Cud, Rb, Gd^Em, Gd, Gs, Rb, Ur^Vu, Wwf, Xue, Xue, Ss^Vhs, Wwg, Wwf, Ur, Uh, Uh, Wwf, Wwg, Wog, Wwf, Rb, Gs, Gd, Rb, Gs^Fp, Tb^Tf, Gd, Ss, Gs^Fp, Wwf, Xue, _off^_usr, _off^_usr
_off^_usr, _off^_usr, Xue, Xue, Wwf, Gs, Gs^Es, Rb, Gd, Rb, Rb, Rb, Tb^Tf, Gs^Fp, Xue, Rb, Wwf, Wwf, Rb, Gs^Fp, Rb, Wwg, Wwf, Tb^Tf, Xue, Wwf, Uh, Wog, Wwg, Wwf, Rb, Ss^Vhs, Gs, Rb, Rb, Hh, Gs, Hh, Wwf, Wwf, Xue, _off^_usr, _off^_usr
_off^_usr, _off^_usr, Tb^Tf, Uu, Wwf, Wwf, Wwf, Rb, Gs^Es, Gd^Fp, Gs^Vc, Gs, Gd, Uh, Xue, Wwf, Rb, Rb, Gd, Gd, Rb, Wwg, Rb, Rb, Tb^Tf, Rb^Vu, Xue, Xue, Rb, Rb, Gs, Gs, Gd, Gs, Hhd, Rb, Rb, Rb, Wwf, Xue, Xue, _off^_usr, _off^_usr
_off^_usr, _off^_usr, Xue, Wwf, Uh, Xue, Wwf, Rb, Rb, Gs, Gd, Gs, Gs, Gd, Gd, Rb^Fp, Gd^Es, Gd, Gs, Gs^Fp, Rb, Wwf, Gs, Gd^Es, Gd, Rb, Gd, Gs, Gs, Gs^Fp, Gd, Gd^Es, Gd^Fp, Md, Gs^Fp, Rb, Wwf, Wwf, Xue, Xue, _off^_usr, _off^_usr, _off^_usr
_off^_usr, _off^_usr, _off^_usr, Xue, Xue, Xue, Xue, Wwf, Rb, Gs, Tb^Tf, Gd^Em, Gd, Gs, Gs^Vc, Rb, Rb, Gs, Cud, Gs, Gs, Wwf, Rb, Gs, Cud, Rb, Rb^Es, Gd, Gd, Gs, Gd, Rb, Hhd, Tb^Tf, Rb, Rb, Wwf, Xue, _off^_usr, _off^_usr, _off^_usr, _off^_usr, _off^_usr
_off^_usr, _off^_usr, _off^_usr, _off^_usr, _off^_usr, Mm^Xm, Xue, Wwf, Wwf, Gs^Fp, Mm, Hhd, Gd, Gs^Fp, Gd, Gd, Gs, Rb, Cud, 2 Kh, Cud, Wwf, Cud, Kh, Cud, Gs, Gd, Rb, Rb^Vc, Gd, Tb^Tf, Gs, Gd, Gd^Em, Rb, Wwf, Xue, Xue, _off^_usr, _off^_usr, _off^_usr, _off^_usr, _off^_usr
_off^_usr, _off^_usr, _off^_usr, _off^_usr, _off^_usr, _off^_usr, _off^_usr, Xue, Wwf, Rb, Rb, Gs^Fp, Gs, Gd, Hhd, Tb^Tf, Gs^Em, Gs, Gs, Hh, Mm, Wwf, Gs^Fp, Gs, Gs, Gd^Es, Rb, Gs, Hh, Hh, Gs^Fp, Hh, Gs^Fp, Rb, Wwf, Wwf, _off^_usr, _off^_usr, _off^_usr, _off^_usr, _off^_usr, _off^_usr, _off^_usr
_off^_usr, _off^_usr, _off^_usr, _off^_usr, _off^_usr, _off^_usr, _off^_usr, _off^_usr, _off^_usr, Wwf, Rb, Gs^Es, Ss, Gs^Fp, Md, Gd^Fp, Xue, Hh, Gs^Fp, Gs^Fp, Hh, Wwg, Hh, Hh, Gs^Fp, Gs, Hh, Tb^Tf, Xue, Mm, Mm^Xm, Hhd, Gd^Fp, Md, _off^_usr, _off^_usr, _off^_usr, _off^_usr, _off^_usr, _off^_usr, _off^_usr, _off^_usr, _off^_usr
_off^_usr, _off^_usr, _off^_usr, _off^_usr, _off^_usr, _off^_usr, _off^_usr, _off^_usr, _off^_usr, _off^_usr, _off^_usr, Mm, Hh, Mm^Xm, Xue, Xue, Mm^Xm, Xue, Xue, Mm^Xm, Xue, Wwg, Wwg, Mm^Xm, Xue, Xue, Xue, Xue, Mm^Xm, Xue, Xue, Hhd, _off^_usr, _off^_usr, _off^_usr, _off^_usr, _off^_usr, _off^_usr, _off^_usr, _off^_usr, _off^_usr, _off^_usr, _off^_usr
_off^_usr, _off^_usr, _off^_usr, _off^_usr, _off^_usr, _off^_usr, _off^_usr, _off^_usr, _off^_usr, _off^_usr, _off^_usr, _off^_usr, _off^_usr, Xv, _off^_usr, Xv, _off^_usr, Xv, _off^_usr, Xv, _off^_usr, Xv, _off^_usr, Xv, _off^_usr, Xv, _off^_usr, Xv, _off^_usr, Xv, _off^_usr, _off^_usr, _off^_usr, _off^_usr, _off^_usr, _off^_usr, _off^_usr, _off^_usr, _off^_usr, _off^_usr, _off^_usr, _off^_usr, _off^_usr
_off^_usr, _off^_usr, _off^_usr, _off^_usr, _off^_usr, _off^_usr, _off^_usr, _off^_usr, _off^_usr, _off^_usr, _off^_usr, _off^_usr, _off^_usr, _off^_usr, _off^_usr, _off^_usr, _off^_usr, _off^_usr, _off^_usr, _off^_usr, _off^_usr, _off^_usr, _off^_usr, _off^_usr, _off^_usr, _off^_usr, _off^_usr, _off^_usr, _off^_usr, _off^_usr, _off^_usr, _off^_usr, _off^_usr, _off^_usr, _off^_usr, _off^_usr, _off^_usr, _off^_usr, _off^_usr, _off^_usr, _off^_usr, _off^_usr, _off^_usr
