Xu, Xu, Xu, Xu, Xu, Xu, Xu, Xu, Xu, Xu, Xu, Xu, Xu, Ql, Ql, Ql, Qlf, Qlf, Xu, Xu, Xu, Xu, Xu, Xu, Xu, Xu, Xu, Xu, Xu, Xu, Xu
Xu, Xu, Xu, Xu, Xu, Xu, Xu, Xu, Xu, Xu, Xu, Xu, Xu, Xu, Ql, Ql, Qlf, Xu, Xu, Xu, Xu, Xu, Xu, Xu, Xu, Xu, Xu, Xu, Xu, Xu, Xu
Xu, Xu, Xu, Xu, Xu, Xu, Xu, Xu, Xu, Xu, Xu, Xu, Xu, Xu, Ql, Rb^Uf, Uu, Qlf, Qlf, Xu, Xu, Xu, Xu, Xu, Xu, Xu, Xu, Xu, Xu, Xu, Xu
Xu, Xu, Xu, Xu, Xu, Xu, Xu, Xu, Xu, Xu, Uh^Emf, Wwf, Wwf, Urb, Rb, Rb, Cud, 2 Kud, Gd, Xu, Xu, Xu, Xu, Xu, Xu, Xu, Xu, Xu, Xu, Xu, Xu
Xu, Xu, Xu, Xu, Xu, Xu, Xu, Xu, Xu, Xu, Gd^Em, Gll^Vu, Wwf, Urb, Urb, Cud, Cud, Qxu, Gll, Hhd, Ss, Xu, Xu, Xu, Xu, Xu, Xu, Xu, Xu, Xu, Xu
Xu, Xu, Xu, Xu, Xu, Xu, Rb, Xu, Wwf, Urb, Urb, Gll, Gll, Wwf, Wwf, Urb, Urb, Cud, Gll, Gd, Ss^Vu, Ss, Urb, Xu, Xu, Xu, Xu, Xu, Xu, Xu, Xu
Xu, Xu, Xu, Xu, Urb, Urb, Urb, Rb, Rb, Wwf, Urb, Hhd, Gll, Gd, Gd^Fp, Gd^Fp, Uh, Urb, Urb, Urb, Wwf, Urb, Hhd, Urb, Urb^Vu, Xu, Xu, Xu, Xu, Xu, Xu
Xu, Xu, Xu, Ql, Urb^Tf, Xu, Urb, Xu, Xu, Wwf, Wwf, Urb, Qlf, Ql, Gll, Urb^Tf, Rb^Em, Rb, Urb, Hhd, Gd^Fp, Urb, Xu, Rb, Rb, Xu, Xu, Xu, Xu, Xu, Xu
Xu, Xu, Xu, Xu, Gll^Em, Gd^Fp, Gll, Urb, Xu, Wwg, Wwg, Xu, Xu, Xu, Gd^Vu, Urb, Gll, Gll, Urb, Gd, Gll, Urb, Xu, Xu, Rb, Xu, Qxu, Xu, Xu, Xu, Xu
Xu, Xu, Qlf, Xu, Urb, Urb^Vu, Xu, Gd, Xu, Wwg, Wwf, Uh, Gll^Em, Urb, Urb, Gd^Fp, Uh, Gd, Urb, Mm, Wwf, Ss^Vu, Rb, Gll, Gd^Fp, Xu, Qlf, Ql, Xu, Xu, Xu
Xu, Xu, Xu, Urb, Xu, Xu, Uh, Gd^Fp, Xu, Wwf, Uh, Wwf, Gll^Tf, Hhd^Fp, Hhd, Urb, Urb, Urb, Gll^Em, Hhd, Wwf, Rb, Xu, Xu, Uh, Xu, Xu, Qlf, Xu, Xu, Xu
Xu, Xu, Wog, Wwf, Gd^Fp, Rb, Rb^Em, Uu^Tf, Uh, Wwf, Wwf, Wwg, Wwg, Wwg, Hhd, Urb, Gd, Gll, Gd^Tf, Gd^Fp, Hhd, Wwf, Xu, Gll, Rb, Uu^Tf, Xu, Xu, Xu, Xu, Xu
Xu, Xu, Wwf, Gll, Gll, Urb, Xu, Urb, Xu, Wwf, Rb, Wwf, Gll, Gd^Fp, Urb, Urb, Wwf, Urb, Urb, Gd^Fp, Urb, Wwf, Uh, Gd^Fp, Urb, Rb^Em, Uh, Xu, Urb, Xu, Xu
Xu, Xu, Urb, Wwg, Uh, Uh, Urb, Xu, Uh, Wwf, Urb, Urb, Urb, Urb, Wwf, Wwf, Urb, Urb, Gll, Urb, Rb, Wwf, Xu, Xu, Xu, Uh, Gll, Wwg, Wwf, Xu, Xu
Xu, Xu, Xu, Xu, Xu, Rb^Em, Rb, Gd^Fp, Xu, Wwf, Hhd, Gd^Fp, Gd^Tf, Urb, Gd, Urb, Hhd, Gd^Fp, Wwg, Wwf, Wwf, Wwf, Uh, Urb, Rb^Em, Urb, Gd^Fp, Gll, Wog, Xu, Xu
Xu, Xu, Xu, Xu, Xu, Uu^Tf, Uh, Gll, Xu, Wwf, Wwf, Gd^Fp, Gll^Em, Gll, Urb, Urb, Hhd, Wwg, Gll^Tf, Wwg, Uh, Wwf, Xu, Uu^Tf, Uh, Rb, Xu, Wwf, Xu, Xu, Xu
Xu, Xu, Xu, Qlf, Qlf, Xu, Gd^Fp, Xu, Rb, Rb, Wwf, Hhd, Urb, Urb, Uh, Urb, Urb, Hhd^Fp, Gll^Em, Wwf, Wwf, Wwf, Xu, Gd^Fp, Xu, Xu, Urb, Urb, Qlf, Xu, Xu
Xu, Xu, Xu, Ql, Qxu, Xu, Gll, Gll, Xu, Ss^Vu, Gll, Mm, Urb, Gd, Gll, Gd^Fp, Gd^Vu, Urb, Xu, Uh, Wwg, Wwg, Xu, Gd, Gll, Urb^Vu, Gll^Em, Xu, Xu, Xu, Xu
Xu, Xu, Xu, Xu, Xu, Xu, Rb, Xu, Xu, Urb, Gd^Fp, Gd, Urb, Gll, Rb^Em, Urb, Gll, Xu, Qlf, Xu, Wwf, Wwg, Xu, Urb, Urb, Gd^Fp, Urb^Tf, Xu, Xu, Xu, Xu
Xu, Xu, Xu, Xu, Xu, Xu, Urb^Vu, Rb, Hhd, Urb, Wwf, Hhd, Urb, Rb, Uh, Urb^Tf, Gd^Fp, Ql, Gll, Urb, Urb, Wwf, Rb, Xu, Urb, Xu, Urb, Ql, Xu, Xu, Xu
Xu, Xu, Xu, Xu, Xu, Xu, Xu, Urb, Urb, Urb, Ss^Vu, Urb, Gll, Urb, Urb, Gd^Fp, Wwf, Gd, Gll, Hhd, Urb, Wwf, Wwf, Rb, Rb, Urb, Xu, Xu, Xu, Xu, Xu
Xu, Xu, Xu, Xu, Xu, Xu, Xu, Xu, Xu, Ss, Ss, Gd, Gll, Cud, Cud, Urb, Urb, Wwf, Wwf, Gll, Gd^Em, Urb, Xu, Xu, Xu, Xu, Xu, Xu, Xu, Xu, Xu
Xu, Xu, Xu, Xu, Xu, Xu, Xu, Xu, Xu, Xu, Xu, Hhd, Gd, Qxu, Cud, Cud, Rb, Urb, Wwf, Gll^Vu, Uh^Emf, Xu, Xu, Xu, Xu, Xu, Xu, Xu, Xu, Xu, Xu
Xu, Xu, Xu, Xu, Xu, Xu, Xu, Xu, Xu, Xu, Xu, Xu, Qlf, 1 Kud, Uu, Rb, Ql, Urb, Xu, Wwf, Xu, Xu, Xu, Xu, Xu, Xu, Xu, Xu, Xu, Xu, Xu
Xu, Xu, Xu, Xu, Xu, Xu, Xu, Xu, Xu, Xu, Xu, Xu, Xu, Qlf, Qlf, Rb^Tf, Ql, Xu, Xu, Xu, Xu, Xu, Xu, Xu, Xu, Xu, Xu, Xu, Xu, Xu, Xu
Xu, Xu, Xu, Xu, Xu, Xu, Xu, Xu, Xu, Xu, Xu, Xu, Xu, Xu, Qlf, Ql, Ql, Xu, Xu, Xu, Xu, Xu, Xu, Xu, Xu, Xu, Xu, Xu, Xu, Xu, Xu
