Xv, Xv, Xv, Xv, Xv, Xv, Xv, Xv, Xv, Xv, Xv, Xv, Xv, Xv, Xv, Xv, Xv, Xv, Xv, Xv, Xv, Xv, Xv, Xv, Xv, Xv, Xv, Xv, Xv, Xv, Xv, Xv, Xv, Xv
Xv, Xv, Xv, Xv, Xv, Xv, Xv, Xv, Xv, Xv, Xv, Xv, Xv, Xv, Xv, Xv, Xv, Xv, Xos, Xv, Xv, Xv, Xv, Xv, Xv, Xv, Xv, Xv, Xv, Xv, Xv, Xv, Xv, Xv
Xv, Xv, Xv, Xv, Xv, Xv, Xv, Xv, Xv, Xv, Xv, Xv, Mm, Xv, Xos, Xv, Xos, Xos, Ur, Xos, Xos, Xv, Qxu, Xv, Xv, Xv, Xv, Xv, Xv, Xv, Xv, Xv, Xv, Xv
Xv, Xv, Xv, Xv, Xv, Xv, Xv, Xv, Xv, Xv, Hh, Hh, Urb, Urb, Urb, Xos, Ur, Ur, Ur, Ur, Ur, Xos, Ss, Qxu, Xos, Xv, Xv, Xv, Xv, Xv, Xv, Xv, Xv, Xv
Xv, Xv, Xv, Xv, Xv, Xv, Xv, Xv, Iwr^Eff, Wwf, Wwf, Gs^Vh, Urb, Hh^Fp, Gs, Urb, Urb^Vd, Ur, Xos, Ur, Ur, Xos, Wog, Wwg^Ewl, Xos, Xv, Xv, Xv, Xv, Xv, Xv, Xv, Xv, Xv
Xv, Xv, Xv, Xv, Xv, Xv, Gs^Efm, Gs^Fet, Iwr^Eff, Wwf^Eff, Wwf, Urb, Mm, Gs^Fp, Hh, Urb, Urb, Urb, Gs^Fp, Xos, Ur, Xos, Wog, Ur, Ur, Xos, Xos, Xv, Xv, Xv, Xv, Xv, Xv, Xv
Xv, Xv, Xv, Xv, Iwr^Dr, Gs^Eff, Iwr^Eff, Iwr^Eff, Iwr, Wwf, Wwf^Bw/, Urb, Urb, Gs^Tf, Urb, Urb, Ch, Urb, Urb, Hh^Fp, Urb, Xos, Xos, Wog, Wwg, Ss, Ss^Ewl, Xos, Xos, Xv, Xv, Xv, Xv, Xv
Xv, Xv, Ce, Ke, Iwr, Iwr, Gs^Fet, Iwr^Eff, Iwr^Vh, Iwr, Iwr^Dr, Wwf, Wwf, Urb, Urb, Ch, Kh, Urb, Urb, Urb, Xos, Xos, Urb, Xos, Wwf^Xo, Wwg, Ss, Wwg^Ewl, Ss, Xos, Xos, Xv, Xv, Xv
Xv, Wwf, Wwf, Ce, Iwr, Gs^Efm, Gs^Dr, Gs^Efm, Iwr, Iwr, Gs, Ds, Wwf, Urb, Urb, Urb, Urb, Urb, Urb, Xos, Urb, Urb, Wwf, Wwf, Iwr, Xos, Xos, Ur, Ur, Wwg, Ss^Xo, Xos, Xos, Xv
Xv, Wwf, Wwf, Ce, Iwr, Iwr, Ket^Xo, Iwr, Wwf, Wwr, Wwf, Gs, Wwf, Urb^Vd, Hh, Gs^Ftp, Gs, Urb, Gs^Tf, Urb, Wwf^Bw\, Wwf, Iwr, Iwr, Ket^Xo, Iwr, Iwr, Xos, Xos, Xos, Ww, Ss, Xos, Xv
Xv, Ch, Ch, Chw, Iwr, Iwr, Wwf, Wwf, Urb, Hh, Ds^Ftp, Wwf, Wwg^Tf, Wwf, Hh, Gg, Urb, Urb, Hh^Fp, Gs, Wwf, Kh, Chw, Iwr, Ket^Xo, Iwr^Vh, Iwr, Iwr, Gs, Ww, Ww, Ss, Xos, Xv
Xv, 2 Kh, Urb, Wwf, Wwf, Wwf^Bsb|, Xos, Xos, Urb, Gs, Gd, Mm, Ds^Em, Wwf, Wwf, Wwf, Wwf, Urb, Urb, Mm, Wwf, Wwf, Iwr, Iwr, Iwr, Iwr, Iwr, Gs^Fet, Mm, Ww^Bw\, Ww^Bw|, Ww, Xos, Xv
Xv, Urb, Ur, Urb, Urb, Urb, Hh^Tf, Urb, Gs^Es, Gs, Hh, Gd^Ftp, Wwf, Wwf, Ket^Xo, Ket^Xo, Wwf, Urb, Urb, Urb, Wwf, Ket^Xo, Iwr, Gs^Fet, Iwr^Dr, Iwr, Ww^Bsb\, Ww, Wwr, Ww, Urb^Vd, Urb, Urb, Xv
Xv, Urb, Ur, Ch^Xo, Ur, Urb, Urb^Vd, Hh, Hh^Fp, Gg, Wwf, Wwf, Iwr^Eff, Iwr, Ket^Xo, Iwr, Gs^Fet, Wwf, Wwf^Bsb|, Wwf, Re, Re, Ds^Tf, Iwr^Dr, Ww, Ww, Gs, Gs, Gd^Fp, Urb, Urb, Urb, Gs, Xv
Xv, Urb, Urb^Vd, Ur, Urb, Urb, Urb, Urb, Gs, Gg, Wwf, Wwf, Iwr^Vh, Iwr^Eff, Ket^Xo, Iwr^Dr, Iwr, Iwr, Iwr, Iwr^Tf, Iwr, Ds, Wwf, Wwr, Urb, Urb, Urb, Ds, Gd, Hh^Fp, Urb, Gd, Mm, Xv
Xv, Urb, Gd, Urb, Urb, Urb, Urb, Gs, Gd^Fp, Mm, Wwf^Bw/, Wwf^Bw/, Iwr, Iwr, Ket^Xo, Iwr^Eff, Iwr^Eff, Iwr^Eff, Iwr^Eff, Ket^Xo, Iwr, Iwr, Wwf^Bw/, Wwf^Bw/, Mm, Gd^Fp, Gs, Urb, Urb, Urb, Urb, Gs, Urb, Xv
Xv, Mm, Gs, Urb, Hh^Fp, Gd, Ds, Urb, Urb, Urb, Wwr, Wwf, Ds, Iwr, Iwr^Tf, Iwr, Iwr, Iwr, Iwr^Dr, Ket^Xo, Iwr^Eff, Iwr^Vh, Wwf, Wwf, Gg, Gs, Urb, Urb, Urb, Urb, Ur, Urb^Vd, Urb, Xv
Xv, Gs, Urb, Urb, Urb, Gd^Fp, Gs, Gs, Ww, Ww, Iwr^Dr, Ds^Tf, Re, Re, Wwf, Wwf^Bsb|, Wwf, Gs^Fet, Iwr, Ket^Xo, Iwr, Iwr^Eff, Wwf, Wwf, Gg, Hh^Fp, Hh, Urb^Vd, Urb, Ur, Ch^Xo, Ur, Urb, Xv
Xv, Urb, Urb, Urb^Vd, Ww, Wwr, Ww, Ww^Bsb\, Iwr, Iwr^Dr, Gs^Fet, Iwr, Ket^Xo, Wwf, Urb, Urb, Urb, Wwf, Ket^Xo, Ket^Xo, Wwf, Wwf, Gd^Ftp, Hh, Gs, Gs^Es, Urb, Hh^Tf, Urb, Urb, Urb, Ur, Urb, Xv
Xv, Xos, Ww, Ww^Bw|, Ww^Bw\, Mm, Gs^Fet, Iwr, Iwr, Iwr, Iwr, Iwr, Wwf, Wwf, Mm, Urb, Urb, Wwf, Wwf, Wwf, Wwf, Ds^Em, Mm, Gd, Gs, Urb, Xos, Xos, Wwf^Bsb|, Wwf, Wwf, Urb, 1 Kh, Xv
Xv, Xos, Ss, Ww, Ww, Gs, Iwr, Iwr, Iwr^Vh, Ket^Xo, Iwr, Chw, Kh, Wwf, Gs, Hh^Fp, Urb, Urb, Gg, Hh, Wwf, Wwg^Tf, Wwf, Ds^Ftp, Hh, Urb, Wwf, Wwf, Iwr, Iwr, Chw, Ch, Ch, Xv
Xv, Xos, Ss, Ww, Xos, Xos, Xos, Iwr, Iwr, Ket^Xo, Iwr, Iwr, Wwf, Wwf^Bw\, Urb, Gs^Tf, Urb, Gs, Gs^Ftp, Hh, Urb^Vd, Wwf, Gs, Wwf, Wwr, Wwf, Iwr, Ket^Xo, Iwr, Iwr, Ce, Wwf, Wwf, Xv
Xv, Xos, Xos, Ss^Xo, Wwg, Ur, Ur, Xos, Xos, Iwr, Wwf, Wwf, Urb, Urb, Xos, Urb, Urb, Urb, Urb, Urb, Urb, Wwf, Ds, Gs, Iwr, Iwr, Gs^Efm, Gs^Dr, Gs^Efm, Iwr, Ce, Wwf, Wwf, Xv
Xv, Xv, Xv, Xos, Xos, Ss, Wwg^Ewl, Ss, Wwg, Wwf^Xo, Xos, Urb, Xos, Xos, Urb, Urb, Urb, Kh, Ch, Urb, Urb, Wwf, Wwf, Iwr^Dr, Iwr, Iwr^Vh, Iwr^Eff, Gs^Fet, Iwr, Iwr, Ke, Ce, Xv, Xv
Xv, Xv, Xv, Xv, Xv, Xos, Xos, Ss^Ewl, Ss, Wwg, Wog, Xos, Xos, Urb, Hh^Fp, Urb, Urb, Ch, Urb, Urb, Gs^Tf, Urb, Urb, Wwf^Bw/, Wwf, Iwr, Iwr^Eff, Iwr^Eff, Gs^Eff, Iwr^Dr, Xv, Xv, Xv, Xv
Xv, Xv, Xv, Xv, Xv, Xv, Xv, Xos, Xos, Ur, Ur, Wog, Xos, Ur, Xos, Gs^Fp, Urb, Urb, Urb, Hh, Gs^Fp, Mm, Urb, Wwf, Wwf^Eff, Iwr^Eff, Gs^Fet, Gs^Efm, Xv, Xv, Xv, Xv, Xv, Xv
Xv, Xv, Xv, Xv, Xv, Xv, Xv, Xv, Xv, Xos, Wwg^Ewl, Wog, Xos, Ur, Ur, Xos, Ur, Urb^Vd, Urb, Gs, Hh^Fp, Urb, Gs^Vh, Wwf, Wwf, Iwr^Eff, Xv, Xv, Xv, Xv, Xv, Xv, Xv, Xv
Xv, Xv, Xv, Xv, Xv, Xv, Xv, Xv, Xv, Xos, Qxu, Ss, Xos, Ur, Ur, Ur, Ur, Ur, Xos, Urb, Urb, Urb, Hh, Hh, Xv, Xv, Xv, Xv, Xv, Xv, Xv, Xv, Xv, Xv
Xv, Xv, Xv, Xv, Xv, Xv, Xv, Xv, Xv, Xv, Xv, Qxu, Xv, Xos, Xos, Ur, Xos, Xos, Xv, Xos, Xv, Mm, Xv, Xv, Xv, Xv, Xv, Xv, Xv, Xv, Xv, Xv, Xv, Xv
Xv, Xv, Xv, Xv, Xv, Xv, Xv, Xv, Xv, Xv, Xv, Xv, Xv, Xv, Xv, Xos, Xv, Xv, Xv, Xv, Xv, Xv, Xv, Xv, Xv, Xv, Xv, Xv, Xv, Xv, Xv, Xv, Xv, Xv
Xv, Xv, Xv, Xv, Xv, Xv, Xv, Xv, Xv, Xv, Xv, Xv, Xv, Xv, Xv, Xv, Xv, Xv, Xv, Xv, Xv, Xv, Xv, Xv, Xv, Xv, Xv, Xv, Xv, Xv, Xv, Xv, Xv, Xv
