_off^_usr, _off^_usr, _off^_usr, _off^_usr, _off^_usr, _off^_usr, _off^_usr, _off^_usr, _off^_usr, _off^_usr, Ms^Xm, Wwt, Wwt, Aa^Fma, Aa^Fma, Ms, Ms^Xm, Ms, Ms^Xm, Ms^Xm, Ms^Xm, Ms, Ms^Xm, Ms, Aa^Fma, Aa^Fma, Wwt, Wwt, Aa^Efm, _off^_usr, _off^_usr, _off^_usr, _off^_usr, _off^_usr, _off^_usr, _off^_usr, _off^_usr, _off^_usr, _off^_usr
_off^_usr, _off^_usr, _off^_usr, _off^_usr, _off^_usr, _off^_usr, _off^_usr, _off^_usr, Ha^Fpa, Ms, Aa^Efm, Aa^Efm, Wwt, Wwt^Ewl, Wwt, Aa^Fma, Wwt^Ewf, Ha, Wwt, Wwt, Wwt, Ha, Wwt^Ewf, Aa^Fma, Wwt, Wwt^Ewl, Wwf, Aa^Efm, Ms^Fet, Aa^Efm, Wwf, _off^_usr, _off^_usr, _off^_usr, _off^_usr, _off^_usr, _off^_usr, _off^_usr, _off^_usr
_off^_usr, _off^_usr, _off^_usr, _off^_usr, _off^_usr, _off^_usr, Wwt, Ha, Gg^Efm, Aa^Efm, Aa^Fpa, Wwt, Ha^Efm, Ai, Aa^Efm, Wwt, Wwt, Wwt, Rrc^Efm, 1 Kha, Rrc^Efm, Wwt, Wwt, Wwt, Aa^Efm, Wwf, Wwrg, Aa^Efm, Aa^Efm, Aa^Efm, Wwf, Aa, Aa, _off^_usr, _off^_usr, _off^_usr, _off^_usr, _off^_usr, _off^_usr
_off^_usr, _off^_usr, _off^_usr, _off^_usr, Wwt, Wwt, Wwf, Gg^Efm, Gg^Efm, Gg^Efm, Gg^Efm, Wwt^Bw/, Wwt, Aa^Vla, Ha^Fpa, Wwt, Cha, Rrc^Efm, Cha, Cha, Cha, Rrc^Efm, Cha, Aa^Efm, Aa^Vha, Aa^Fpa, Gg^Gvs, Wwf, Wwf, Wwf, Gg, Wwf, Gg^Efm, Gs^Fmw, Gs, _off^_usr, _off^_usr, _off^_usr, _off^_usr
_off^_usr, _off^_usr, _off^_usr, _off^_usr, Hh^Fet, Gs^Fms, Wwf, Wwt, Mm^Xm, Gg^Vh, Gg^Efm, Wwt, Gg^Efm, Gg^Efm, Wwf, Wwt^Ewf, Gg, Cha, Rrc, Cha^Do, Gs^Gvs, Cha, Gg^Gvs, Gg^Br\, Gg^Br\, Gg^Gvs, Gg^Gvs, Gg^Fp, Wwf, Gg, Gg, Gg, Gg^Ve, Gg^Efm, Gs, _off^_usr, _off^_usr, _off^_usr, _off^_usr
_off^_usr, _off^_usr, _off^_usr, _off^_usr, Gs, Gs, Wwf, Wwt, Wwt, Wwrg, Wwf, Gg^Efm, Wwf, Wwf, Gg, Gg, Rrc, Rrc, Gg, Wwf, Hh^Tf, Gs^Gvs, Gg^Gvs, Gg^Gvs, Gg^Gvs, Gg^Br\, Wwf^Br\, Wwf, Wwf, Mm^Xm, Hh, Gg, Mm^Xm, Gg^Tf, Gs, _off^_usr, _off^_usr, _off^_usr, _off^_usr
_off^_usr, _off^_usr, _off^_usr, _off^_usr, Wwf, Wwf, Ss, Ss^Bw\, Gg, Gg^Fp, Gg, Wwf, Gs^Gvs, Rrc, Aa^Vhca, Rrc, Gg, Gg, Ss^Vhs, Wwf, Gs^Gvs, Gs^Gvs, Ss, Hh, Wwf, Wwf, Hh^Fp, Gs^Br\, Gs^Br\, Wwf, Wwf, Gg^Fmw, Gg, Gg, Wwf, _off^_usr, _off^_usr, _off^_usr, _off^_usr
_off^_usr, _off^_usr, _off^_usr, _off^_usr, Wwf, Gs, Gs^Fp, Gg, Gg, Hh, Gg, Wwf, Gs^Gvs, Gs^Tf, Ha, Ms^Xm, Gg^Eff, Gg^Eff, Wwrt, Ss^Fp, Ss, Ss^Bw|, Gs^Fmw, Wwf, Aa, Wwf, Wwf, Wwf, Ha^Vhha, Gs^Br\, Gg^Br\, Wwf, Wwf, Wwf, Wwf, _off^_usr, _off^_usr, _off^_usr, _off^_usr
_off^_usr, _off^_usr, _off^_usr, _off^_usr, Wwf, Wwf, Wwf^Tf, Wwf, Wwf, Ss^Vhs, Ss^Fp, Wwf, Mm^Xm, Gs^Gvs, Gs^Gvs, Gg^Eff, Aa^Fpa, Ha^Tf, Ai, Wwt, Wwt, Wwf, Wwf, Wwf, Ss, Ms^Xm, Gd, Aa^Fpa, Ai^Tf, Gs, Gs^Br|, Gg, Wwf, Wwt, Gs, _off^_usr, _off^_usr, _off^_usr, _off^_usr
_off^_usr, _off^_usr, _off^_usr, _off^_usr, Gs^Br\, Wwf, Wwf, Wwf, Gg, Gg, Gg, Wwf, Wwf, Gs^Gvs, Gs^Fp, Aa, Aa^Fet, Ms^Xm, Ha^Fpa, Ai, Wwt, Wwt^Ewf, Ai, Wwf, Wwf^Bw/, Ss^Bw/, Gd, Gd^Efm, Gd, Gs, Gs^Br|, Gg, Gg, Wwt^Ewf, Gs, _off^_usr, _off^_usr, _off^_usr, _off^_usr
_off^_usr, _off^_usr, _off^_usr, _off^_usr, Wwf, Gs^Br\, Gs^Br\, Wwf, Hh, Gg, Gg, Wwf, Wwf, Wwf, Wwf, Ms^Xm, Ms^Xm, Aa^Tf, Ms^Xm, Ai^Tf, Wot^Tf, Aa^Fpa, Aa^Fpa, Ai^Bw/, Wwf, Ss^Fmw, Gd^Efm, Gd, Hhd, Wwt, Gs^Br|, Gs^Fmw, Chw, Wwt, Wwf, _off^_usr, _off^_usr, _off^_usr, _off^_usr
_off^_usr, _off^_usr, _off^_usr, _off^_usr, Wwf, Ss, Wwf, Chw, Chw, Gg^Tf, Wwf, Wwf, Gs, Ai^Tf, Wwf, Ha, Ms^Xm, Ha, Wwt^Ii, Wwt^Ii, Wwt^Ii, Ms^Xm, Ms, Aa^Fet, Aa, Wwf, Gd, Gd^Fmw, Gs, Wwf, Gs^Br|, Gs, Wwf, Wwf, Wwf, _off^_usr, _off^_usr, _off^_usr, _off^_usr
_off^_usr, _off^_usr, _off^_usr, _off^_usr, Wwf, Ss, Wwf, Gs, Gs^Br|, Chw, Gs, Gs, Gd, Wwf, Aa, Ha^Fpa, Ms, Aa^Tf, Wwt^Ii, Ms^Ii, Wwt^Ii, Aa^Tf, Ms^Xm, Ha^Fpa, Wwf, Wwf, Gs, Gs, Wwf, Chw, Chw, Gs, Wwf, Ss, Wwf, _off^_usr, _off^_usr, _off^_usr, _off^_usr
_off^_usr, _off^_usr, _off^_usr, _off^_usr, Wwf, Wwf, Chw, Gs, Gs^Br|, Wwf, Hhd, Gd^Fmw, Gd^Efm, Wwf, Wwf, Aa^Fet, Aa^Fpa, Ms^Xm, Wot^Tf, Wwt^Ii, Ms^Xm, Ha, Ms^Xm, Ha, Wwf, Ai^Tf, Wwf, Wwf, Gg, Gg^Tf, Hh, Chw, Gs^Br\, Ss, Wwf, _off^_usr, _off^_usr, _off^_usr, _off^_usr
_off^_usr, _off^_usr, _off^_usr, _off^_usr, Gs, Wwt, Gg, Gs^Fmw, Gs^Br|, Wwt, Gd, Gd, Gd, Ss^Fmw, Wwf^Bw/, Ai^Bw/, Ai, Aa^Fpa, Wwt, Ai^Tf, Ha^Fpa, Aa^Tf, Aa^Fet, Ms^Xm, Gs^Fp, Wwf, Wwf, Wwf, Gg, Gg, Gg, Wwf, Wwf, Gs^Br\, Gs^Br\, _off^_usr, _off^_usr, _off^_usr, _off^_usr
_off^_usr, _off^_usr, _off^_usr, _off^_usr, Gs, Wwt^Ewf, Wwf, Gg, Gs^Br|, Gs, Ai^Tf, Gd^Efm, Gd, Ss^Bw/, Ss, Wwf, Wwf, Wwt^Ewf, Wwt, Ai, Ai, Ms^Xm, Aa^Fpa, Aa, Gs^Gvs, Gs^Gvs, Mm^Xm, Wwf, Ss^Fp, Gg, Wwf, Wwf, Wwf^Tf, Wwf, Wwf, _off^_usr, _off^_usr, _off^_usr, _off^_usr
_off^_usr, _off^_usr, _off^_usr, _off^_usr, Wwf, Wwt, Wwf, Gg, Gg^Br\, Gs, Ha^Vhha, Aa^Fpa, Wwf, Ms^Xm, Aa, Wwf, Gs^Fmw, Wwf, Ss, Wwt, Wwrt, Ha^Tf, Gs^Eff, Gs^Eff, Ha, Gs^Gvs, Gs^Gvs, Wwf, Gg, Ss^Vhs, Gg, Wwf, Gs^Fp, Wwf, Wwf, _off^_usr, _off^_usr, _off^_usr, _off^_usr
_off^_usr, _off^_usr, _off^_usr, _off^_usr, Wwf, Wwf, Gg, Wwf, Wwf, Gs^Br\, Gs^Br\, Wwf, Hh^Fp, Wwf, Wwf, Wwf, Ss, Ss^Bw|, Gs^Gvs, Ss^Fp, Ss^Vhs, Gs^Eff, Gg, Ms^Xm, Aa^Vhca, Gs^Tf, Gs^Gvs, Wwf, Gg, Hh, Gg, Gg, Ss, Gs, Wwf, _off^_usr, _off^_usr, _off^_usr, _off^_usr
_off^_usr, _off^_usr, _off^_usr, _off^_usr, Gs, Gg, Mm^Xm, Gg^Fmw, Hh, Wwf, Wwf, Gs^Br\, Wwf^Br\, Wwf, Gg^Gvs, Hh, Gg^Gvs, Gs^Gvs, Hh^Tf, Wwf, Gg, Gg, Rrc, Rrc, Gg, Rrc, Wwf, Wwf, Wwf, Gg^Fp, Wwt, Ss^Bw\, Wwf, Wwf, Gs, _off^_usr, _off^_usr, _off^_usr, _off^_usr
_off^_usr, _off^_usr, _off^_usr, _off^_usr, Gs, Gg^Tf, Gg^Ve, Gg, Gg, Mm^Xm, Wwf, Wwf, Gg^Gvs, Gg^Br\, Gg^Br\, Gg^Gvs, Gg^Gvs, Gs^Gvs, Gs^Gvs, Wwf, Rrc, Rrc, Gg, Gg, Wwf, Wwf, Gg^Efm, Gg^Efm, Gg^Efm, Wwrg, Mm^Xm, Wwt, Wwf, Gs, Hh^Fet, _off^_usr, _off^_usr, _off^_usr, _off^_usr
_off^_usr, _off^_usr, _off^_usr, _off^_usr, Gs, Gg^Efm, Gg^Efm, Gg, Gg, Gg, Wwf, Gg^Fp, Gg^Gvs, Gg^Gvs, Aa^Vha, Gg^Br\, Cha, Cha, Cha, Cha^Do, Cha, Cha, Cha, Wwt^Ewf, Ha^Fpa, Gg^Efm, Wwt, Wwt, Gg^Efm, Gg^Vh, Gg^Efm, Wwt, Wwf, Gs^Fms, Wwt, _off^_usr, _off^_usr, _off^_usr, _off^_usr
_off^_usr, _off^_usr, _off^_usr, _off^_usr, _off^_usr, Gs^Fmw, Aa, Wwf, Wwf, Wwf, Aa^Efm, Wwf, Wwrg, Aa^Fpa, Aa^Efm, Aa^Efm, Wwt, Rrc^Efm, Rrc^Efm, Cha, Rrc^Efm, Rrc^Efm, Wwt, Wwt, Aa^Efm, Aa^Vla, Ha^Efm, Wwt^Bw/, Aa^Fpa, Gg^Efm, Gg^Efm, Gg^Efm, Wwt, Wwt, _off^_usr, _off^_usr, _off^_usr, _off^_usr, _off^_usr
_off^_usr, _off^_usr, _off^_usr, _off^_usr, _off^_usr, _off^_usr, _off^_usr, Aa, Wwf, Aa^Efm, Ms^Fet, Aa^Efm, Wwf, Wwf, Wwt, Wwt, Wwt^Ewf, Wwt, Wwt, 2 Kha, Wwt, Wwt, Wwt^Ewf, Wwt, Wwt, Ai, Wwt, Wwt, Aa^Efm, Aa^Efm, Ha^Fpa, Ha, _off^_usr, _off^_usr, _off^_usr, _off^_usr, _off^_usr, _off^_usr, _off^_usr
_off^_usr, _off^_usr, _off^_usr, _off^_usr, _off^_usr, _off^_usr, _off^_usr, _off^_usr, _off^_usr, Aa^Efm, Aa^Efm, Aa^Efm, Wwt, Wwt^Ewl, Aa^Fma, Aa^Fma, Ms^Xm, Ha, Ms^Xm, Wwt, Ms^Xm, Ha, Ms^Xm, Aa^Fma, Aa^Fma, Wwt^Ewl, Wwt, Aa^Efm, Ms^Xm, Ms, _off^_usr, _off^_usr, _off^_usr, _off^_usr, _off^_usr, _off^_usr, _off^_usr, _off^_usr, _off^_usr
_off^_usr, _off^_usr, _off^_usr, _off^_usr, _off^_usr, _off^_usr, _off^_usr, _off^_usr, _off^_usr, _off^_usr, _off^_usr, Wwt, _off^_usr, Aa^Fma, _off^_usr, Ms^Xm, _off^_usr, Ms^Xm, _off^_usr, Ms^Xm, _off^_usr, Ms^Xm, _off^_usr, Ms^Xm, _off^_usr, Aa^Fma, _off^_usr, Wwt, _off^_usr, _off^_usr, _off^_usr, _off^_usr, _off^_usr, _off^_usr, _off^_usr, _off^_usr, _off^_usr, _off^_usr, _off^_usr
