Xv, Xv, Xv, Xv, Xv, Xv, Xv, Xv, Xv, Xv, Xv, Xv, Xv, Xv, Xv, Xv, Xv, Xv, Xv, Xv, Xv, Xv, Xv, Xv, Xv, Xv, Xv, Xv, Xv, Xv, Xv, Xv, Xv, Xv, Xv
Xv, Xv, Xv, Xv, Xv, Xv, Xv, Xv, Ss, Xv, Gg^Fp, Xv, Hh^Tf, Xv, Gll^Fp, Xv, Hh, Xv, Mm, Xv, Ss, Xv, Gg^Fp, Xv, Hh, Xv, Gg^Fp, Xv, Xv, Xv, Xv, Xv, Xv, Xv, Xv
Xv, Xv, Xv, Xv, Xv, Xv, Gll^Edp, Ss, Gg, Gg^Fp, Gll^Edp, Hh^Em, Mm, Hh, Gll^Edp, Gg, Gg, Gg^Fp, Gg^Tf, Ww, Wwf, Gg^Fp, Re, Gll^Edp, Gg^Tf, Mm, Gll^Edp, Gll^Tf, Gg^Fp, Xv, Xv, Xv, Xv, Xv, Xv
Xv, Xv, Xv, Xv, Rp, Gg^Fp, Gll^Edp, Gll^Edp, Gll, Gll, Gll^Em, Gg^Tf, Gg, Gg^Fp, Gll^Edp, Ss, Gg, Gg^Fp, Ww, Ww, Wwf, Gg, Gg, Gll^Em, Gll, Gg, Gg, Gg, Rp, Hh, Rp, Xv, Xv, Xv, Xv
Xv, Xv, Mm, Hh, Rp, Gll, Rp, Gg^Fp, Gg^Vhh, Gll, Gg, Gg, Gg^Fp, Gll, Ss, Ss, Gg, Wwf, Ww, Wwf, Gll^Edp, Gll, Gg, Gll^Edp, Gg^Vc, Gg^Fp, Rp, Rp, Gg, Rp, Gll, Gg^Fp, Hh, Xv, Xv
Xv, Xv, Gg^Fp, Hh, Gg, Rp, Gll, Rp, Gll, Gll, Gll^Em, Gg, Gll^Edp, Gll^Edp, Gll^Fp, Gll, Gll^Edp, Gg, Wo, Ww, Gg^Fp, Gg^Fp, Gll, Gll^Edp, Gll, Rp, Gll, Gll^Edp, Gg, Gll, Gg^Fp, Gll^Edp, Gll^Tf, Xv, Xv
Xv, Xv, Gll^Edp, Gg, Gll^Edp, Gll^Edp, Gll, Rp, Gg, Gll^Edp, Gg^Tf, Gg, Gg, Ch, 1 Kh, Ch, Rp, Wwf^Vm, Wwf, Ww, Ch, Gll^Edp, Gg, Gll^Em, Gg^Tf, Rp, Gg^Fp, Gll^Edp, Gll^Edp, Hh, Mm, Gll^Em, Gg^Edpp, Xv, Xv
Xv, Xv, Gll^Tf, Gg^Em, Gll, Gs^Fp, Hh, Rp, Rp, Gll^Edp, Gll^Edp, Gll^Edp, Rp, Ch, Gll^Fp, Ch, Gll^Edp, Wwf, Rp, Kh, Ch, Gll^Edp, Rp, Rp, Rp, Rp, Rp, Gll, Gll, Gg^Tf, Gll^Edp, Gg, Hh, Xv, Xv
Xv, Xv, Gll, Gg, Gll^Edp, Hh, Gg^Edpp, Mm, Rp, Gll, Rp, Rp, Gll^Edp, Ss, Gll, Gll, Wwf^Vm, Wwf, Ww, Ch, Gll, Ch, Rp, Gll^Edp, Gll^Edp, Gg^Vh, Gll^Edp, Rp, Gg, Gll, Gll, Gg^Fp, Mm, Xv, Xv
Xv, Xv, Gll^Fp, Gg, Gg, Gll, Gll, Gg, Gll^Edp, Rp, Gg^Fp, Gll, Ss^Vhs, Gll^Edp, Gg, Wwf, Ww, Wo, Hh, Gll^Edp, Gg, Gll^Edp, Rp, Gg, Gg, Gll, Gll, Rp, Rp, Gg^Fp, Gll^Edp, Hh, Gg^Fp, Xv, Xv
Xv, Xv, Gll^Fp, Gll^Edpp, Gg, Gg^Fp, Gg^Vc, Gll^Edp, Rp, Rp, Gg, Gll^Edp, Gg, Wo, Gll^Edp, Gg^Fp, Wwf, Gg, Wo, Gg, Gg^Fp, Gll, Gll^Edp, Rp, Gg^Fp, Gg, Gll^Edp, Gll^Edp, Gg, Rp, Rp, Rp, Rp, Xv, Xv
Xv, Xv, Gg, Gg, Gll^Edp, Gll^Edp, Gg, Rp, Gll, Gll^Em, Hh, Gg^Fp, Ww, Ww, Wwf, Ww, Ww, Wwf, Ww, Wwf, Ss, Gll^Edp, Gg^Fp, Rp, Mm, Hh, Gll, Gg, Gg^Vh, Gg^Fp, Rp, Gg, Gll^Edp, Xv, Xv
Xv, Xv, Gg, Hh, Gll^Tf, Gll^Em, Rp, Rp, Rp, Hh^Tf, Wo, Wo, Gg^Tf, Hh, Ww, Wo, Hh, Rp^Edp, Wwf, Gll^Edp, Ww, Ss^Vhs, Wwf, Wo, Hh^Tf, Hh, Gll^Edp, Gll, Gll^Edp, Rp, Gll^Edp, Gll, Hh, Xv, Xv
Xv, Xv, Mm, Gg^Fp, Rp, Rp, Gll^Edp, Gll, Rp, Gg, Khw, Wwf, Ww, Gg, Gg^Fp, Wwf, Rp^Edp, Md, Ww, Wo, Ww, Wwf, Wo, Gll^Edpp, Wwf, Wo, Gg^Fp, Gll^Edp, Gg, Rp, Gll^Em, Gg^Tf, Gg^Fp, Xv, Xv
Xv, Xv, Wo, Wwf, Wwf, Gll^Edp, Wwf, Gll^Edp, Ww, Chw, Wo, Wwf, Wo, Gll^Edp, Wo, Wwf, Rp^Edp, Wwf, Gll, Gll^Edp, Wwf, Hh, Wwf, Gg^Edpp, Khw, Ww, Wwf, Gg, Wwf, Wwf, Wwf, Gll^Edp, Wo, Xv, Xv
Xv, Xv, Gll, Gll, Gll^Edp, Wwf, Gll^Edp, Wwf, Gg, Ww, Gg^Fp, Gg, Wwf, Wwf, Wwf, Md, Hh, Wo, Gg^Fp, Gll^Edp, Gg^Tf, Ww, Wo, Ww, Wwf, Chw, Wwf, Wwf, Rp, Gll^Edp, Gll^Edp, Ww, Mm, Xv, Xv
Xv, Xv, Ss, Gg, Gll^Edp, Wwf, Gg, Gll^Edp, Gll, Gg, Mm, Gg^Tf, Ww, Gll^Edp, Wo, Rp^Edp, Wo, Ww, Hh, Gg, Wo, Wwf, Gll^Edp, Rp, Ww, Wo, Wwf, Gg, Gll^Edp, Rp, Gg^Fp, Hh, Rp, Xv, Xv
Xv, Xv, Gg^Fp, Mm, Gg, Rp, Gg^Fp, Gll^Edp, Gg, Hh, Wwf, Ww, Wo, Wwf, Ww, Wwf, Gg, Wwf, Wwf, Wo, Gg, Wwf, Ww, Rp, Rp, Gg^Fp, Gg, Wwf, Rp, Rp, Rp, Rp, Gg^Tf, Xv, Xv
Xv, Xv, Gg^Fp, Gll, Gg, Rp, Rp, Gg^Vh, Gg^Em, Hh, Gg^Fp, Wwf, Ss^Vhs, Gg^Fp, Wwf, Gll^Edp, Chw, Gg^Edpp, Wo, Wwf, Wo, Gg^Fp, Gg, Gg, Hh, Rp, Rp, Rp, Gll, Gg, Gll^Edp, Gll, Gg^Fp, Xv, Xv
Xv, Xv, Gll^Edp, Gll^Edp, Gll, Gll, Rp, Gll^Edpp, Rp, Gg^Tf, Rp, Rp, Gll^Edp, Ss, Gll^Edp, Wo, Khw, Ww, Gg^Fp, Gg, Rp, Hh, Gg, Mm, Gll^Tf, Gll^Em, Rp, Gg^Vc, Gg^Fp, Gg, Gll^Edp, Hh, Gg, Xv, Xv
Xv, Xv, Gll, Gg^Em, Gll^Tf, Gg^Fp, Gg, Rp, Gll^Edp, Rp, Gg, Gg, Gll, Gg, Gg, Ww, Rp, Gg, Gll, Ss^Vhs, Gll^Edp, Rp, Rp, Gg^Fp, Rp, Rp, Gg, Rp, Rp, Gll^Edp, Gg, Gll^Edp, Mm, Xv, Xv
Xv, Xv, Gg^Fp, Gg, Gg, Hh, Gll^Edp, Gll^Edp, Gg^Vh, Rp, Rp, Gll, Gll^Edp, Ww, Ww, Wwf, Rp, Gg, Gll^Edp, Ss, Gll^Edp, Gll, Gg, Rp, Gll^Edp, Gll, Gll^Edp, Gg, Rp, Gll, Gg^Em, Hh, Hh, Xv, Xv
Xv, Xv, Hh^Tf, Hh, Gg^Fp, Gll^Edp, Gll, Gg^Fp, Gg, Gll^Edp, Gll, Ch, Ch, Ch, Wwf, Gll, Rp, Gll^Edp, Ch, Gll, Ch, Gll^Edp, Gg^Fp, Rp, Rp, Gg, Hh, Gll^Edp, Hh, Rp, Rp, Gg^Tf, Gg^Fp, Xv, Xv
Xv, Xv, Mm, Mm, Gg^Fp, Gg, Gll^Edp, Gll, Gll, Gll, Gll^Edp, Ch, Gg^Fp, Kh, Wwf, Rp, Ww, Rp, 2 Kh, Ch, Gg, Gll^Edp, Gll, Gg, Rp, Gg, Gll, Gg^Fp, Gg, Gll, Rp, Gll^Edp, Gll^Edp, Xv, Xv
Xv, Xv, Xv, Hh, Gll^Edp, Gg, Gg, Gll^Edp, Gll^Edpp, Gg^Em, Gg, Rp, Wwf^Vm, Ww, Wo, Wwf, Ss, Ss, Gg, Ch, Rp, Rp, Rp, Rp, Gg^Vhh, Gll^Edp, Gll^Edp, Gg^Em, Hh, Gg^Fp, Gll^Edp, Rp, Xv, Xv, Xv
Xv, Xv, Xv, Xv, Xv, Gll, Hh, Gg^Vc, Rp, Gg^Tf, Rp, Rp, Gg^Fp, Ww, Wwf, Wwf^Vm, Ss, Hh, Hh^Em, Gg^Fp, Rp, Gll, Gg^Tf, Gll, Gg^Fp, Gll^Edp, Hh^Em, Gg^Tf, Ss, Ss, Xv, Xv, Xv, Xv, Xv
Xv, Xv, Xv, Xv, Xv, Xv, Xv, Gg^Fp, Gg, Rp, Gg^Fp, Hh^Tf, Wo, Wwf, Ss, Ss, Mm^Xm, Hh^Tf, Mm, Gg^Tf, Rp, Gll^Edp, Gg, Gg^Em, Gg^Fp, Hh, Hh^Tf, Mm, Xv, Xv, Xv, Xv, Xv, Xv, Xv
Xv, Xv, Xv, Xv, Xv, Xv, Xv, Xv, Xv, Xv, Xv, Xv, Xv, Xv, Xv, Xv, Xv, Xv, Xv, Xv, Xv, Xv, Xv, Xv, Xv, Xv, Xv, Xv, Xv, Xv, Xv, Xv, Xv, Xv, Xv
