21:57:06 INFO explicit --jobs 10 (auto would pick: cpu 17.6->8, ram 91587MB->45, vram 24077MB->40 => jobs 8)
21:57:06 INFO 0 results done, 0 no-result (replacements used 0/0), 40 pending, 10 concurrent, device=cuda
21:57:06 INFO persistent workers: up to 10 elo_eval_game --worker processes, policies cached across games
21:57:59 INFO game 2 done in 0.9 min, peak_rss 1348MB (results=1/40 no_result=0 failed=0, 30 pending, 9 in flight)
21:58:03 INFO game 5 done in 0.9 min, peak_rss 1348MB (results=2/40 no_result=0 failed=0, 29 pending, 9 in flight)
21:58:07 INFO game 7 done in 1.0 min, peak_rss 1339MB (results=3/40 no_result=0 failed=0, 28 pending, 9 in flight)
21:58:07 WARNING game 9 was no-result; guard exhausted (0/0) -- absence recorded, CI will widen
21:58:07 INFO game 9 done in 1.0 min, peak_rss 1327MB (results=3/40 no_result=1 failed=0, 28 pending, 8 in flight)
21:58:11 INFO game 4 done in 1.1 min, peak_rss 1403MB (results=4/40 no_result=1 failed=0, 26 pending, 9 in flight)
21:58:15 INFO game 10 done in 0.3 min, peak_rss 1359MB (results=5/40 no_result=1 failed=0, 25 pending, 9 in flight)
21:58:15 INFO game 12 done in 0.1 min, peak_rss 1342MB (results=6/40 no_result=1 failed=0, 25 pending, 8 in flight)
21:58:19 INFO game 1 done in 1.2 min, peak_rss 1336MB (results=7/40 no_result=1 failed=0, 23 pending, 9 in flight)
21:58:21 WARNING game 8 was no-result; guard exhausted (0/0) -- absence recorded, CI will widen
21:58:21 INFO game 8 done in 1.2 min, peak_rss 1422MB (results=7/40 no_result=2 failed=0, 22 pending, 9 in flight)
21:58:27 WARNING game 3 was no-result; guard exhausted (0/0) -- absence recorded, CI will widen
21:58:27 INFO game 3 done in 1.3 min, peak_rss 1433MB (results=7/40 no_result=3 failed=0, 21 pending, 9 in flight)
21:58:27 INFO game 14 done in 0.3 min, peak_rss 1408MB (results=8/40 no_result=3 failed=0, 21 pending, 8 in flight)
21:58:29 INFO game 17 done in 0.2 min, peak_rss 1348MB (results=9/40 no_result=3 failed=0, 19 pending, 9 in flight)
21:58:31 WARNING game 11 was no-result; guard exhausted (0/0) -- absence recorded, CI will widen
21:58:31 INFO game 11 done in 0.5 min, peak_rss 1372MB (results=9/40 no_result=4 failed=0, 18 pending, 9 in flight)
21:58:33 WARNING game 16 was no-result; guard exhausted (0/0) -- absence recorded, CI will widen
21:58:33 INFO game 16 done in 0.3 min, peak_rss 1349MB (results=9/40 no_result=5 failed=0, 17 pending, 9 in flight)
21:58:35 WARNING game 13 was no-result; guard exhausted (0/0) -- absence recorded, CI will widen
21:58:35 INFO game 13 done in 0.5 min, peak_rss 1342MB (results=9/40 no_result=6 failed=0, 16 pending, 9 in flight)
21:58:35 INFO game 22 done in 0.1 min, peak_rss 1372MB (results=10/40 no_result=6 failed=0, 16 pending, 8 in flight)
21:58:39 INFO game 0 done in 1.5 min, peak_rss 1356MB (results=11/40 no_result=6 failed=0, 14 pending, 9 in flight)
21:58:39 INFO game 15 done in 0.4 min, peak_rss 1369MB (results=12/40 no_result=6 failed=0, 14 pending, 8 in flight)
21:58:41 INFO game 20 done in 0.2 min, peak_rss 1426MB (results=13/40 no_result=6 failed=0, 12 pending, 9 in flight)
21:58:43 INFO game 19 done in 0.3 min, peak_rss 1441MB (results=14/40 no_result=6 failed=0, 11 pending, 9 in flight)
21:58:43 INFO game 25 done in 0.1 min, peak_rss 1347MB (results=15/40 no_result=6 failed=0, 11 pending, 8 in flight)
21:58:45 INFO game 23 done in 0.2 min, peak_rss 1399MB (results=16/40 no_result=6 failed=0, 9 pending, 9 in flight)
21:58:45 INFO game 26 done in 0.1 min, peak_rss 1397MB (results=17/40 no_result=6 failed=0, 9 pending, 8 in flight)
21:58:47 INFO game 21 done in 0.3 min, peak_rss 1351MB (results=18/40 no_result=6 failed=0, 7 pending, 9 in flight)
21:58:47 INFO game 27 done in 0.1 min, peak_rss 1378MB (results=19/40 no_result=6 failed=0, 7 pending, 8 in flight)
21:58:53 INFO game 18 done in 0.5 min, peak_rss 1435MB (results=20/40 no_result=6 failed=0, 5 pending, 9 in flight)
21:58:53 WARNING game 24 was no-result; guard exhausted (0/0) -- absence recorded, CI will widen
21:58:53 INFO game 24 done in 0.3 min, peak_rss 1372MB (results=20/40 no_result=7 failed=0, 5 pending, 8 in flight)
21:58:53 INFO game 28 done in 0.2 min, peak_rss 1432MB (results=21/40 no_result=7 failed=0, 5 pending, 7 in flight)
21:58:53 INFO game 30 done in 0.2 min, peak_rss 1353MB (results=22/40 no_result=7 failed=0, 5 pending, 6 in flight)
21:58:53 INFO game 33 done in 0.1 min, peak_rss 1352MB (results=23/40 no_result=7 failed=0, 5 pending, 5 in flight)
21:58:53 INFO game 34 done in 0.1 min, peak_rss 1390MB (results=24/40 no_result=7 failed=0, 5 pending, 4 in flight)
21:58:55 WARNING game 6 was no-result; guard exhausted (0/0) -- absence recorded, CI will widen
21:58:55 INFO game 6 done in 1.8 min, peak_rss 1382MB (results=24/40 no_result=8 failed=0, 0 pending, 8 in flight)
21:58:55 INFO game 31 done in 0.2 min, peak_rss 1401MB (results=25/40 no_result=8 failed=0, 0 pending, 7 in flight)
21:59:01 INFO game 32 done in 0.3 min, peak_rss 1407MB (results=26/40 no_result=8 failed=0, 0 pending, 6 in flight)
21:59:01 INFO game 38 done in 0.1 min, peak_rss 1381MB (results=27/40 no_result=8 failed=0, 0 pending, 5 in flight)
21:59:03 INFO game 37 done in 0.2 min, peak_rss 1442MB (results=28/40 no_result=8 failed=0, 0 pending, 4 in flight)
21:59:03 INFO game 39 done in 0.2 min, peak_rss 1437MB (results=29/40 no_result=8 failed=0, 0 pending, 3 in flight)
21:59:05 WARNING game 35 was no-result; guard exhausted (0/0) -- absence recorded, CI will widen
21:59:05 INFO game 35 done in 0.2 min, peak_rss 1356MB (results=29/40 no_result=9 failed=0, 0 pending, 2 in flight)
21:59:05 WARNING game 36 was no-result; guard exhausted (0/0) -- absence recorded, CI will widen
21:59:05 INFO game 36 done in 0.2 min, peak_rss 1394MB (results=29/40 no_result=10 failed=0, 0 pending, 1 in flight)
21:59:15 WARNING game 29 was no-result; guard exhausted (0/0) -- absence recorded, CI will widen
21:59:15 INFO game 29 done in 0.5 min, peak_rss 1468MB (results=29/40 no_result=11 failed=0, 0 pending, 0 in flight)
21:59:28 INFO chunk end: 29/40 RESULTS (11 no-result absences, replacements 0/0; 40 files) in /workspace/bench/sweep_t025 (this chunk: 40 played, 0 failed)
