2026-09-05 08:47:25,614 transformer_policy INFO TransformerPolicy device: cuda
2026-09-05 08:47:26,664 transformer_policy INFO inference bf16 autocast ON
2026-09-05 08:47:26,709 transformer_policy INFO Loaded checkpoint from training/checkpoints/seed.pt (decision_step=2809659)
2026-09-05 08:47:26,713 eval_sim INFO [pool] loaded seed.pt
2026-09-05 08:47:26,773 actor_pool INFO actor pool started: 16 actors, max_batch=16
2026-09-05 09:07:16,665 actor_pool INFO iter 0: serve stages (2 threads): wait=1054.9s infer=1143.4s wire=87.0s put=4.1s gpu=1053.3s (1.90 ms/leaf) leaves/batch=15.5 saturated=831 leaves/s (best 60 s) throughput=466 leaves/s
2026-09-05 09:07:16,666 actor_pool INFO iter 0: host ms per batch: unpack=2.50 encode=8.54 forward=10.93 priors=5.86 wait=4.80 reply=0.99 wire=2.43 put=0.12 | coalesce=fifo requests/batch=1.46 queue depth=4.38 skipped=0
2026-09-05 09:07:16,666 actor_pool INFO iter 0: pool served 554884 forwards, 32 games, 17356 experiences, decision_step 2809659 -> 2827015
2026-09-05 09:07:16,666 actor_pool INFO iter 0: game finish times p50=489s p90=804s max=1189s | tokens/leaf=1298 pad_ratio=1.10
{
 "truncated": false,
 "server_priors": true,
 "actors": 16,
 "games_requested": 32,
 "infer_bf16": true,
 "sims": 32,
 "leaf_batch": 16,
 "max_turns": 30,
 "max_batch": 16,
 "serve_threads": 2,
 "packed_trunk": true,
 "packed_embed": false,
 "coalesce": "fifo",
 "coalesce_gap": 0,
 "packed_compile": {
  "active": false
 },
 "games_completed": 32,
 "decisive": 27,
 "abandoned": 0,
 "experiences": 17356,
 "gen_seconds": 1189.8839821168222,
 "wall_seconds": 1190.9233961147256,
 "forwards": 554884,
 "decisions": 17356,
 "leaves_per_s": 466.3345404590225,
 "saturated_leaves_per_s": 830.8984186791779,
 "leaf_timeline": [
  [
   3.3589788395911455,
   1
  ],
  [
   3.3613584600389004,
   2
  ],
  [
   13.377465019002557,
   4390
  ],
  [
   13.398124158848077,
   8563
  ],
  [
   23.420808288734406,
   12898
  ],
  [
   23.424620338715613,
   17326
  ],
  [
   33.44172078790143,
   21718
  ],
  [
   33.459844377823174,
   26016
  ],
  [
   43.471481506712735,
   30272
  ],
  [
   43.48277922673151,
   34484
  ],
  [
   53.47686976566911,
   38489
  ],
  [
   53.53102734684944,
   42394
  ],
  [
   63.479416514746845,
   46277
  ],
  [
   63.5578433056362,
   50321
  ],
  [
   73.48709921399131,
   54335
  ],
  [
   73.5826212358661,
   58334
  ],
  [
   83.51743519259617,
   62473
  ],
  [
   83.5935900346376,
   66781
  ],
  [
   93.55952495289966,
   70902
  ],
  [
   93.60005600377917,
   74927
  ],
  [
   103.59339403174818,
   78902
  ],
  [
   103.6041106916964,
   82967
  ],
  [
   113.60419510072097,
   86883
  ],
  [
   113.61206459067762,
   90674
  ],
  [
   123.61203038971871,
   94690
  ],
  [
   123.63624713104218,
   98552
  ],
  [
   133.6161112789996,
   102447
  ],
  [
   133.65632038982585,
   106466
  ],
  [
   143.64160944800824,
   110639
  ],
  [
   143.69147427892312,
   114739
  ],
  [
   153.64284588675946,
   118888
  ],
  [
   153.72609475860372,
   122830
  ],
  [
   163.64847609587014,
   126791
  ],
  [
   163.7664427878335,
   130952
  ],
  [
   173.6939277756028,
   134989
  ],
  [
   173.8051034277305,
   139178
  ],
  [
   183.695308865048,
   143153
  ],
  [
   183.83096840698272,
   147055
  ],
  [
   193.7320634536445,
   150913
  ],
  [
   193.88079338660464,
   155050
  ],
  [
   203.759190922603,
   159031
  ],
  [
   203.9109394159168,
   163061
  ],
  [
   213.76858741184697,
   166703
  ],
  [
   213.9479562258348,
   170600
  ],
  [
   223.81043890165165,
   174448
  ],
  [
   223.97266117483377,
   178286
  ],
  [
   233.82400141097605,
   181681
  ],
  [
   233.99334873398766,
   185507
  ],
  [
   243.86585991084576,
   189272
  ],
  [
   244.01525894273072,
   193032
  ],
  [
   253.87684118980542,
   196879
  ],
  [
   254.04974307259545,
   200529
  ],
  [
   263.8888425990008,
   204362
  ],
  [
   264.07673672167584,
   208079
  ],
  [
   273.9272601879202,
   211954
  ],
  [
   274.1083822408691,
   215864
  ],
  [
   283.9368119169958,
   219377
  ],
  [
   284.1118734399788,
   223196
  ],
  [
   293.95771471597254,
   227080
  ],
  [
   294.1335515487008,
   230980
  ],
  [
   303.9949687756598,
   234886
  ],
  [
   304.17622035881504,
   238727
  ],
  [
   314.0237365248613,
   242507
  ],
  [
   314.1937388679944,
   246271
  ],
  [
   324.0532702440396,
   250067
  ],
  [
   324.20120973698795,
   253695
  ],
  [
   334.104215873871,
   257694
  ],
  [
   334.24508876679465,
   261650
  ],
  [
   344.11597508285195,
   265324
  ],
  [
   344.2673395955935,
   269012
  ],
  [
   354.1506174826063,
   272619
  ],
  [
   354.30277198459953,
   276120
  ],
  [
   364.1591510716826,
   279761
  ],
  [
   364.31775011401623,
   283367
  ],
  [
   374.35109248384833,
   287015
  ],
  [
   374.3590065939352,
   290680
  ],
  [
   384.36564014293253,
   294080
  ],
  [
   384.3819890427403,
   297544
  ],
  [
   394.3832346717827,
   301181
  ],
  [
   394.4020181619562,
   304980
  ],
  [
   404.4082072409801,
   308493
  ],
  [
   404.42676802165806,
   312092
  ],
  [
   414.44069007085636,
   315624
  ],
  [
   414.4583242610097,
   319260
  ],
  [
   424.4624037896283,
   322695
  ],
  [
   424.4655987797305,
   326377
  ],
  [
   434.47380160866305,
   330067
  ],
  [
   434.4937549587339,
   333772
  ],
  [
   444.4777086880058,
   337204
  ],
  [
   444.51005651801825,
   340565
  ],
  [
   454.4977611969225,
   344100
  ],
  [
   454.5741742979735,
   347626
  ],
  [
   464.4977837558836,
   351069
  ],
  [
   464.6077517280355,
   354500
  ],
  [
   474.51216264488176,
   357759
  ],
  [
   474.62723555695266,
   360877
  ],
  [
   484.53849917370826,
   364119
  ],
  [
   484.6847586268559,
   367368
  ],
  [
   494.57454965403304,
   370684
  ],
  [
   494.87005547899753,
   373756
  ],
  [
   504.5962441628799,
   377024
  ],
  [
   504.9010032475926,
   380384
  ],
  [
   514.6011604820378,
   383513
  ],
  [
   514.9549416778609,
   386874
  ],
  [
   524.6149270106107,
   390078
  ],
  [
   524.9970835079439,
   393397
  ],
  [
   534.6465260498226,
   396480
  ],
  [
   535.0476761166938,
   399822
  ],
  [
   544.6595765589736,
   403269
  ],
  [
   545.0574391656555,
   406785
  ],
  [
   554.6661412976682,
   410236
  ],
  [
   555.0956788058393,
   413733
  ],
  [
   564.7031295676716,
   417295
  ],
  [
   565.1183879747987,
   420853
  ],
  [
   574.7272060969844,
   424326
  ],
  [
   575.1296931039542,
   427773
  ],
  [
   584.741853825748,
   431097
  ],
  [
   585.1338666728698,
   434308
  ],
  [
   594.7549508749507,
   437533
  ],
  [
   595.1527786119841,
   440722
  ],
  [
   604.7760279737413,
   444113
  ],
  [
   605.2171759819612,
   447371
  ],
  [
   614.8156234738417,
   450694
  ],
  [
   615.2181686609983,
   453900
  ],
  [
   624.8209422030486,
   457082
  ],
  [
   625.2435107599013,
   460239
  ],
  [
   634.8422269318253,
   463291
  ],
  [
   635.2798972399905,
   466233
  ],
  [
   644.8669869806617,
   469354
  ],
  [
   645.2862437376752,
   472501
  ],
  [
   654.8984840298072,
   475353
  ],
  [
   655.2932634069584,
   478457
  ],
  [
   664.9109807787463,
   481320
  ],
  [
   665.3174359267578,
   484286
  ],
  [
   674.9296904089861,
   486993
  ],
  [
   675.3480911757797,
   489617
  ],
  [
   684.9440054777078,
   491985
  ],
  [
   685.4138455060311,
   494084
  ],
  [
   694.997290476691,
   495969
  ],
  [
   695.4535138658248,
   497477
  ],
  [
   705.0409854366444,
   498852
  ],
  [
   705.4596710540354,
   500372
  ],
  [
   715.0492722857744,
   501767
  ],
  [
   715.4891239837743,
   503189
  ],
  [
   725.084610384889,
   504609
  ],
  [
   725.5352026629262,
   506011
  ],
  [
   735.0905715939589,
   507719
  ],
  [
   735.5822907630354,
   509548
  ],
  [
   745.1882342747413,
   511184
  ],
  [
   745.6215850827284,
   512894
  ],
  [
   755.2071376238018,
   514623
  ],
  [
   755.6500972718932,
   516403
  ],
  [
   765.2340167630464,
   518268
  ],
  [
   765.7004296318628,
   520235
  ],
  [
   775.3091993327253,
   522107
  ],
  [
   775.7418269109912,
   524102
  ],
  [
   785.3901905538514,
   525628
  ],
  [
   785.7948659406975,
   527261
  ],
  [
   795.4406503029168,
   528896
  ],
  [
   795.8041579299606,
   530489
  ],
  [
   805.4893642128445,
   531940
  ],
  [
   805.8336945287883,
   533423
  ],
  [
   815.9763710605912,
   533960
  ],
  [
   823.1011148677208,
   534502
  ],
  [
   833.3207423007116,
   534959
  ],
  [
   837.8026710208505,
   535479
  ],
  [
   846.6069649178535,
   535770
  ],
  [
   847.8034509397112,
   536233
  ],
  [
   856.8057062607259,
   536692
  ],
  [
   857.906742119696,
   537022
  ],
  [
   866.963665871881,
   537314
  ],
  [
   868.2349783647805,
   537661
  ],
  [
   878.3624407458119,
   537821
  ],
  [
   886.1520822448656,
   538127
  ],
  [
   888.447344286833,
   538748
  ],
  [
   896.3279812065884,
   539007
  ],
  [
   898.5918885678984,
   539300
  ],
  [
   906.4021036378108,
   539383
  ],
  [
   908.8712591719814,
   539759
  ],
  [
   918.9718814217485,
   539983
  ],
  [
   920.5945286406204,
   540211
  ],
  [
   930.7115054917522,
   540660
  ],
  [
   932.2439166698605,
   540773
  ],
  [
   940.9086849247105,
   541237
  ],
  [
   942.3599776308984,
   541384
  ],
  [
   951.429286882747,
   541939
  ],
  [
   952.4322413010523,
   542050
  ],
  [
   961.4928445629776,
   542231
  ],
  [
   965.3375309510157,
   542528
  ],
  [
   975.405547380913,
   543084
  ],
  [
   975.9740388016216,
   543264
  ],
  [
   985.4696685406379,
   543393
  ],
  [
   986.0545540619642,
   543946
  ],
  [
   996.1892713429406,
   544077
  ],
  [
   1006.2063434617594,
   544516
  ],
  [
   1016.2214919608086,
   545025
  ],
  [
   1021.0660990476608,
   545441
  ],
  [
   1026.2623498309404,
   546049
  ],
  [
   1032.0038801939227,
   546068
  ],
  [
   1037.4758548308164,
   546506
  ],
  [
   1042.5815229429863,
   546748
  ],
  [
   1047.634312142618,
   547094
  ],
  [
   1052.864856026601,
   547225
  ],
  [
   1057.7362655536272,
   547613
  ],
  [
   1062.922202645801,
   547916
  ],
  [
   1068.2089710705914,
   548175
  ],
  [
   1075.9554660688154,
   548374
  ],
  [
   1079.826943508815,
   548683
  ],
  [
   1089.8942791088484,
   549182
  ],
  [
   1090.3530879770406,
   549505
  ],
  [
   1100.030605549924,
   550031
  ],
  [
   1103.0353389340453,
   550061
  ],
  [
   1110.0390939489007,
   550401
  ],
  [
   1113.208221856039,
   550566
  ],
  [
   1120.3249921030365,
   550745
  ],
  [
   1124.685652420856,
   551214
  ],
  [
   1131.0671920347959,
   551477
  ],
  [
   1134.8037455016747,
   551856
  ],
  [
   1143.4473388856277,
   552106
  ],
  [
   1145.6163260047324,
   552388
  ],
  [
   1154.5260572936386,
   552599
  ],
  [
   1155.894546258729,
   552927
  ],
  [
   1165.4778546397574,
   553301
  ],
  [
   1166.672939051874,
   553537
  ],
  [
   1176.8143492527306,
   553811
  ],
  [
   1180.9187271357514,
   554117
  ],
  [
   1186.891737672966,
   554678
  ]
 ],
 "tokens_per_leaf": 1298.0962507479042,
 "pad_ratio": 1.102009021775088,
 "host_ms_per_batch": {
  "unpack": 2.5042306180845126,
  "t_encode": 8.5422795189833,
  "t_forward": 10.934050398480695,
  "t_priors": 5.85828172064584,
  "t_finish": 4.795746877529038,
  "t_reply": 0.987390873155498,
  "wire": 2.4336174787941984,
  "put": 0.11561852002987663
 },
 "queue_depth": 4.375926392035126,
 "skipped_requests": 0,
 "game_finish_p50_s": 488.9278248329647,
 "game_finish_max_s": 1188.5095130717382,
 "mean_turns": 21.4375,
 "k_median": 12,
 "games_per_hour": 96.81616168582875,
 "games_per_dollar": 293.382308138875
}
