22:40:04 INFO explicit --jobs 10 (auto would pick: cpu 17.6->8, ram 90714MB->44, vram 24077MB->40 => jobs 8)
22:40:04 INFO 0 results done, 0 no-result (replacements used 0/0), 40 pending, 10 concurrent, device=cuda
22:40:04 INFO persistent workers: up to 10 elo_eval_game --worker processes, policies cached across games
22:41:02 INFO game 4 done in 1.0 min, peak_rss 1346MB (results=1/40 no_result=0 failed=0, 30 pending, 9 in flight)
22:41:02 INFO game 8 done in 1.0 min, peak_rss 1418MB (results=2/40 no_result=0 failed=0, 30 pending, 8 in flight)
22:41:04 INFO game 11 done in 0.0 min, peak_rss 1431MB (results=3/40 no_result=0 failed=0, 28 pending, 9 in flight)
22:41:06 INFO game 3 done in 1.0 min, peak_rss 1356MB (results=4/40 no_result=0 failed=0, 27 pending, 9 in flight)
22:41:08 INFO game 0 done in 1.1 min, peak_rss 1356MB (results=5/40 no_result=0 failed=0, 26 pending, 9 in flight)
22:41:10 INFO game 2 done in 1.1 min, peak_rss 1436MB (results=6/40 no_result=0 failed=0, 25 pending, 9 in flight)
22:41:14 INFO game 6 done in 1.2 min, peak_rss 1365MB (results=7/40 no_result=0 failed=0, 24 pending, 9 in flight)
22:41:14 INFO game 9 done in 1.2 min, peak_rss 1393MB (results=8/40 no_result=0 failed=0, 24 pending, 8 in flight)
22:41:16 INFO game 10 done in 0.2 min, peak_rss 1351MB (results=9/40 no_result=0 failed=0, 22 pending, 9 in flight)
22:41:18 INFO game 12 done in 0.2 min, peak_rss 1438MB (results=10/40 no_result=0 failed=0, 21 pending, 9 in flight)
22:41:20 INFO game 1 done in 1.3 min, peak_rss 1347MB (results=11/40 no_result=0 failed=0, 20 pending, 9 in flight)
22:41:20 INFO game 13 done in 0.2 min, peak_rss 1363MB (results=12/40 no_result=0 failed=0, 20 pending, 8 in flight)
22:41:20 INFO game 14 done in 0.2 min, peak_rss 1367MB (results=13/40 no_result=0 failed=0, 20 pending, 7 in flight)
22:41:26 INFO game 18 done in 0.2 min, peak_rss 1353MB (results=14/40 no_result=0 failed=0, 17 pending, 9 in flight)
22:41:30 INFO game 5 done in 1.4 min, peak_rss 1437MB (results=15/40 no_result=0 failed=0, 16 pending, 9 in flight)
22:41:30 WARNING game 7 was no-result; guard exhausted (0/0) -- absence recorded, CI will widen
22:41:30 INFO game 7 done in 1.4 min, peak_rss 1450MB (results=15/40 no_result=1 failed=0, 16 pending, 8 in flight)
22:41:30 INFO game 21 done in 0.2 min, peak_rss 1350MB (results=16/40 no_result=1 failed=0, 16 pending, 7 in flight)
22:41:30 INFO game 22 done in 0.2 min, peak_rss 1365MB (results=17/40 no_result=1 failed=0, 16 pending, 6 in flight)
22:41:32 INFO game 19 done in 0.2 min, peak_rss 1471MB (results=18/40 no_result=1 failed=0, 12 pending, 9 in flight)
22:41:36 INFO game 15 done in 0.4 min, peak_rss 1451MB (results=19/40 no_result=1 failed=0, 11 pending, 9 in flight)
22:41:36 WARNING game 20 was no-result; guard exhausted (0/0) -- absence recorded, CI will widen
22:41:36 INFO game 20 done in 0.3 min, peak_rss 1369MB (results=19/40 no_result=2 failed=0, 11 pending, 8 in flight)
22:41:38 INFO game 17 done in 0.4 min, peak_rss 1437MB (results=20/40 no_result=2 failed=0, 9 pending, 9 in flight)
22:41:38 INFO game 23 done in 0.2 min, peak_rss 1355MB (results=21/40 no_result=2 failed=0, 9 pending, 8 in flight)
22:41:40 INFO game 26 done in 0.2 min, peak_rss 1466MB (results=22/40 no_result=2 failed=0, 7 pending, 9 in flight)
22:41:42 INFO game 24 done in 0.2 min, peak_rss 1355MB (results=23/40 no_result=2 failed=0, 6 pending, 9 in flight)
22:41:42 INFO game 28 done in 0.2 min, peak_rss 1475MB (results=24/40 no_result=2 failed=0, 6 pending, 8 in flight)
22:41:46 INFO game 31 done in 0.1 min, peak_rss 1359MB (results=25/40 no_result=2 failed=0, 4 pending, 9 in flight)
22:41:48 WARNING game 25 was no-result; guard exhausted (0/0) -- absence recorded, CI will widen
22:41:48 INFO game 25 done in 0.3 min, peak_rss 1367MB (results=25/40 no_result=3 failed=0, 3 pending, 9 in flight)
22:41:50 WARNING game 16 was no-result; guard exhausted (0/0) -- absence recorded, CI will widen
22:41:50 INFO game 16 done in 0.6 min, peak_rss 1375MB (results=25/40 no_result=4 failed=0, 2 pending, 9 in flight)
22:41:50 INFO game 30 done in 0.2 min, peak_rss 1461MB (results=26/40 no_result=4 failed=0, 2 pending, 8 in flight)
22:41:50 INFO game 32 done in 0.2 min, peak_rss 1438MB (results=27/40 no_result=4 failed=0, 2 pending, 7 in flight)
22:41:50 INFO game 34 done in 0.1 min, peak_rss 1360MB (results=28/40 no_result=4 failed=0, 2 pending, 6 in flight)
22:41:50 INFO game 35 done in 0.1 min, peak_rss 1477MB (results=29/40 no_result=4 failed=0, 2 pending, 5 in flight)
22:41:52 INFO game 27 done in 0.4 min, peak_rss 1461MB (results=30/40 no_result=4 failed=0, 0 pending, 6 in flight)
22:41:52 INFO game 33 done in 0.2 min, peak_rss 1473MB (results=31/40 no_result=4 failed=0, 0 pending, 5 in flight)
22:41:56 INFO game 38 done in 0.1 min, peak_rss 1363MB (results=32/40 no_result=4 failed=0, 0 pending, 4 in flight)
22:41:58 WARNING game 36 was no-result; guard exhausted (0/0) -- absence recorded, CI will widen
22:41:58 INFO game 36 done in 0.2 min, peak_rss 1364MB (results=32/40 no_result=5 failed=0, 0 pending, 3 in flight)
22:42:00 WARNING game 29 was no-result; guard exhausted (0/0) -- absence recorded, CI will widen
22:42:00 INFO game 29 done in 0.4 min, peak_rss 1385MB (results=32/40 no_result=6 failed=0, 0 pending, 2 in flight)
22:42:00 INFO game 37 done in 0.2 min, peak_rss 1378MB (results=33/40 no_result=6 failed=0, 0 pending, 1 in flight)
22:42:00 INFO game 39 done in 0.2 min, peak_rss 1468MB (results=34/40 no_result=6 failed=0, 0 pending, 0 in flight)
22:42:15 INFO chunk end: 34/40 RESULTS (6 no-result absences, replacements 0/0; 40 files) in /workspace/bench/cat_2516k (this chunk: 40 played, 0 failed)
