2026-09-25T14:56:10Z
               total        used        free      shared  buff/cache   available
Mem:          515773       55413      232234       13380      228124      442842
Swap:           7405           5        7400
2026-09-25T15:26:10Z
               total        used        free      shared  buff/cache   available
Mem:          515773       76334      210579       14096      228859      421210
Swap:           7405           5        7400
2026-09-25T15:56:24Z
               total        used        free      shared  buff/cache   available
Mem:          515773       84772      203286       12915      227713      413949
Swap:           7405           5        7400
2026-09-25T16:26:29Z
               total        used        free      shared  buff/cache   available
Mem:          515773       83030      204520       13512      228221      415093
Swap:           7405           5        7400
2026-09-25T16:56:34Z
               total        used        free      shared  buff/cache   available
Mem:          515773       84830      202062       14080      228879      412726
Swap:           7405           5        7400
2026-09-25T17:26:39Z
               total        used        free      shared  buff/cache   available
Mem:          515773       83953      203746       13348      228072      414335
Swap:           7405           5        7400
2026-09-25T17:56:45Z
               total        used        free      shared  buff/cache   available
Mem:          515773       81314      206462       13387      227996      416935
Swap:           7405           5        7400
2026-09-25T18:26:50Z
               total        used        free      shared  buff/cache   available
Mem:          515773       82166      204599       14475      229006      414995
Swap:           7405           5        7400
2026-09-25T18:43:15Z
               total        used        free      shared  buff/cache   available
Mem:          515773       55007      232591       13364      228174      443265
Swap:           7405           5        7400
2026-09-25T18:56:57Z
               total        used        free      shared  buff/cache   available
Mem:          515773       78516      209104       13319      228152      419801
Swap:           7405           5        7400
2026-09-25T19:27:01Z
               total        used        free      shared  buff/cache   available
Mem:          515773       84244      203120       13466      228408      413922
Swap:           7405           5        7400
2026-09-25T19:57:06Z
               total        used        free      shared  buff/cache   available
Mem:          515773       89587      197637       13545      228548      408505
Swap:           7405           5        7400
2026-09-25T20:27:12Z
               total        used        free      shared  buff/cache   available
Mem:          515773       90849      197068       12791      227855      407996
Swap:           7405           5        7400
2026-09-25T20:57:18Z
               total        used        free      shared  buff/cache   available
Mem:          515773       62757      224784       13129      228231      435750
Swap:           7405           5        7400
2026-09-25T21:27:24Z
               total        used        free      shared  buff/cache   available
Mem:          515773       68500      219567       12791      227705      430345
Swap:           7405           5        7400
2026-09-25T21:57:30Z
               total        used        free      shared  buff/cache   available
Mem:          515773       97414      190210       13129      228148      401094
Swap:           7405           5        7400
2026-09-25T22:27:37Z
               total        used        free      shared  buff/cache   available
Mem:          515773       91756      208009          99      216006      419781
Swap:           7405           5        7400
2026-09-25T22:57:43Z
               total        used        free      shared  buff/cache   available
Mem:          515773       89951      209370          99      216451      421586
Swap:           7405           5        7400
2026-09-25T23:27:49Z
               total        used        free      shared  buff/cache   available
Mem:          515773       92299      205915          99      217558      419239
Swap:           7405           5        7400
2026-09-25T23:58:01Z
               total        used        free      shared  buff/cache   available
Mem:          515773       91858      205385         246      218529      419532
Swap:           7405           5        7400
