py-spy> Sampling process 100 times a second for 1500 seconds. Press Control-C to exit.

2026-09-04 20:22:17,937 transformer_policy INFO TransformerPolicy device: cuda
2026-09-04 20:22:19,066 transformer_policy INFO inference bf16 autocast ON
2026-09-04 20:22:19,112 transformer_policy INFO Loaded checkpoint from training/checkpoints/seed.pt (decision_step=2809659)
2026-09-04 20:22:19,116 eval_sim INFO [pool] loaded seed.pt
2026-09-04 20:22:19,241 actor_pool INFO actor pool started: 19 actors, max_batch=16
2026-09-04 20:37:08,390 actor_pool INFO iter 0: serve stages (2 threads): wait=814.3s infer=900.7s wire=53.3s put=9.4s leaves/batch=15.2 throughput=278 leaves/s
2026-09-04 20:37:08,391 actor_pool INFO iter 0: pool served 247228 forwards, 16 games, 7743 experiences, decision_step 2809659 -> 2817402
2026-09-04 20:37:08,391 actor_pool INFO iter 0: game finish times p50=462s p90=761s max=888s | tokens/leaf=1290 pad_ratio=1.09
{
 "server_priors": true,
 "actors": 19,
 "games_requested": 16,
 "infer_bf16": true,
 "sims": 32,
 "leaf_batch": 16,
 "max_turns": 30,
 "max_batch": 16,
 "games_completed": 16,
 "decisive": 14,
 "abandoned": 0,
 "experiences": 7743,
 "gen_seconds": 889.1431813286617,
 "wall_seconds": 890.3250758997165,
 "forwards": 247228,
 "decisions": 7743,
 "leaves_per_s": 278.0519551761765,
 "tokens_per_leaf": 1289.6276594884075,
 "pad_ratio": 1.0917936557491879,
 "game_finish_p50_s": 461.6468179449439,
 "game_finish_max_s": 887.957066217903,
 "mean_turns": 20.4375,
 "k_median": 11,
 "games_per_hour": 64.78146738293302,
 "games_per_dollar": 196.30747691797882
}

py-spy> Stopped sampling because process exited
py-spy> Wrote raw flamegraph data to '/workspace/bench/prof_gil.txt'. Samples: 29145 Errors: 600
py-spy> You can use the flamegraph.pl script from https://github.com/brendangregg/flamegraph to generate a SVG
