border_size=1
usage=map

Qlf         , Qlf         , Qlf         , Qlf         , Ms^Xm       , Qlf         , Qlf         , Qlf         , Qlf         , Qlf         , Qlf         , Qlf         , Qlf         , Qlf         , Qlf         , Qlf         , Qlf         , Qlf         , Qlf         , Qlf         , Qlf         , Qlf         , Rrc         , Rrc         , Qlf         , Qlf         , Qlf         , Qlf         , Qlf         , Qlf         , Qlf         , Qlf         , Qlf         , Qlf         , Qlf         , Qlf         , Qlf         , Qlf         , Qlf         
Qlf         , Ms^Xm       , Ms^Xm       , Ms^Xm       , Qlf         , Qlf         , Ai          , Ai          , Ai          , Ai          , Ai          , Ai          , Ai          , Ai          , Ai          , Ai          , Ai          , Ai          , Ai          , Ai          , Rrc         , Rrc         , Ai          , Qlf         , Ai          , Ai          , Ai          , Ai          , Ai          , Ai          , Ai          , Ai          , Ai          , Ai          , Ai          , Ai          , Ai          , Ai          , Qlf         
Qlf         , Ms^Xm       , Qlf         , Qlf         , Gg          , Gg          , Gg          , Gg          , Kv          , Gg          , Gg          , Gg          , Gg          , Gg          , Gg          , Gg          , Gg          , Gg          , Rrc         , Rrc         , Rb          , Rb          , Rb          , Wwf         , Gs          , Ai          , Re^Gvs      , Re^Gvs      , Re^Gvs      , Iwr         , Iwr         , Iwr         , Iwr         , Iwr         , Re^Gvs      , Re^Gvs      , Re^Gvs      , Ai          , Qlf         
Qlf         , Ms^Xm       , Md          , Gg          , Gg          , Gg          , Cv          , Cv          , Gg          , Gg          , Gg          , Gg          , Gg          , Gg          , Gg          , Gg          , Rrc         , Rrc         , Rb          , Rb          , Rb          , Rb          , Rb          , Wwf         , Gs          , Ai          , Re^Gvs      , Re^Wm       , Re^Gvs      , Iwr         , Iwr         , Iwr         , Iwr         , Iwr         , Re^Gvs      , Re^Wm       , Re^Gvs      , Ai          , Qlf         
Qlf         , Ms^Xm       , Gg          , Gg          , Gg          , Cv          , Gg          , Gg          , Gg^Ve       , Gg          , Gg          , Gg          , Gg          , Gg          , Rrc         , Rrc         , Rb          , Rb          , Rb          , Rb          , Rb          , Re^Vct      , Rb          , Wwf         , Gs          , Ai          , Re^Gvs      , Re^Wm       , Re^Gvs      , Iwr         , Iwr         , Iwr         , Iwr         , Iwr         , Re^Gvs      , Re^Wm       , Re^Gvs      , Ai          , Qlf         
Qlf         , Ai          , Gg          , Gg          , Gg          , Gg          , Gg          , Gg          , Gg          , Gg          , Gg          , Gg          , Rrc         , Rrc         , Rb          , Rb          , Rb          , Rb          , 1 Ket       , Rb          , Ch          , Rb          , Wwf         , Wwf         , Gs          , Cha         , Gs          , Re^Gvs      , Kud         , Iwr         , Iwr         , Iwr         , Iwr         , Iwr         , Kud         , Re^Gvs      , Rb          , Ai          , Qlf         
Qlf         , Ai          , Gg          , Cha         , Rrc         , Gg          , Cha         , Gg          , Gg          , Cha         , Rrc         , Rrc         , Aa          , Rb          , Rb          , Rb          , Rb          , Rb          , Ce          , Ce          , Wwf         , Wwf         , Gs          , Gs          , Gs          , Gs          , Gs          , Xos         , Xos         , Cud         , Cud         , Iwr         , Cud         , Cud         , Xos         , Xos         , Rb          , Ai          , Qlf         
Qlf         , Ai          , Gg          , Rrc         , Rb          , Rrc         , Rrc         , Rrc         , Rrc         , Rrc         , Rb          , Ms^Xm       , Ms^Xm       , Aa          , Aa^Voa      , Ai          , Ai          , Cha         , Wwf         , Wwf         , Gs          , Wwf         , Wwf         , Gs          , Gs          , Gs          , Gs          , Gs          , Gs          , Xos         , Xos         , Cud         , Xos         , Xos         , Hh^Fp       , Gs          , Rb          , Ai          , Qlf         
Qlf         , Ai          , Cha         , Rrc         , Rb          , Rb          , Rb          , Rb          , Rb          , Rb          , Rb          , Rb          , Rb          , Ms^Xm       , Ms^Xm       , Ai          , Wot         , Wwf         , Gs          , Gs          , Gs          , Gs          , Gs          , Wwf         , Wwf         , Gs          , Gs^Vl       , Gs          , Gs          , Gs          , Gs          , Xos         , Gs          , Hh^Fp       , Gs          , Gs          , Rb          , Cha         , Qlf         
Qlf         , Ai          , Rrc         , Rrc         , Rb          , Rb          , Re^Vct      , Rb          , Rb          , Rb          , Rb          , Rb          , Rb          , Rb          , Wot         , Wot         , Mm          , Gs          , Aa          , Gs          , Aa          , Gs          , Mm          , Gs          , Sm          , Gs          , Gs          , Gs          , Gs          , Gs          , Gs          , Gs          , Gs          , Gs          , Gs          , Gs          , Rb          , Ai          , Qlf         
Rrc         , Rrc         , Rb          , Rb          , Rb          , Rb          , Rb          , Rb          , Gs          , Rb          , Gs          , Rb          , Wot         , Wot         , Aa^Fda      , Aa^Fda      , Mm          , Aa          , Aa          , Aa^Voa      , Aa          , Aa          , Mm          , Gs          , Sm          , Gs          , Gs          , Gs          , Gs^Fds      , Gs          , Ss          , Gs          , Ss^Vhs      , Gs          , Gs          , Dd          , Rb          , Ai          , Qlf         
Qlf         , Ms^Xm       , Rb          , Ss          , Hh^Fds      , Ss          , Hh          , Gs          , Gg^Fet      , Gs          , Gs          , Wot         , Aa^Fda      , Aa^Fda      , Qlf         , Qlf         , Mm          , Ai          , Ai          , Aa          , Aa          , Aa          , Hh          , Gs          , Sm          , Gs          , Gs          , Gs          , Gs          , Gs^Fds      , Hh^Fp       , Ss          , Gg          , Gs          , Gs          , Dd          , Rb          , Ai          , Qlf         
Qlf         , Ms^Xm       , Rb          , Ss          , Hh          , Mm          , Ss^Vhs      , Ss          , Rb          , Gs          , Gg^Ve       , Wot         , Qlf         , Qlf         , Aa^Fda      , Aa^Fda      , Gs          , Mm          , Gs          , Ai          , Gs          , Hh          , Gs          , Gs          , Sm          , Gs          , Gs          , Gs          , Gs          , Gs^Fds      , Gs^Fds      , Mm          , Gs          , Gs          , Gs          , Gs          , Rb          , Ai          , Qlf         
Qlf         , Ms^Xm       , Rb          , Chs         , Gs          , Hh^Fds      , Gs          , Gs          , Gs          , Gs          , Gs          , Ai          , Ai          , Aa^Fda      , Gs          , Gs          , Gs          , Gs          , Gs          , Gs          , Gs          , Gs          , Sm^Bsb\     , Sm          , Gs          , Gs          , Gs          , Gs          , Gs          , Gs          , Gs          , Gs          , Gs          , Gg          , Gs          , Chs         , Rb          , Ai          , Qlf         
Qlf         , Ms^Xm       , Rb          , Ss          , Gs          , Gs          , Gs          , Gs          , Gs          , Gs          , Gs          , Gs          , Gs          , Ai          , Gs          , Gs          , Gs          , Gs          , Sm          , Sm          , Sm          , Sm          , Gs          , Gs          , Gs          , Gs          , Gs          , Gs          , Gs          , Gs          , Gs          , Gs          , Gs          , Gs          , Gs          , Ss          , Rb          , Ms^Xm       , Qlf         
Qlf         , Ms^Xm       , Rb          , Ss          , Gs          , Gs          , Gs          , Gs          , Gs          , Gs          , Gs          , Gs          , Gs          , Gs          , Gs          , Gs          , Sm^Bsb\     , Sm          , Gs          , Sm          , Gs          , Gs          , Gs          , Gs          , Gs          , Ai          , Ai          , Gs          , Gs          , Gs          , Gs          , Gs          , Gs          , Gs          , Gs          , Ss          , Rb          , Ms^Xm       , Qlf         
Qlf         , Ai          , Rb          , Chs         , Gs          , Gg          , Gs          , Gs          , Gs^Fds      , Gs          , Gs          , Gs          , Gs          , Gs          , Sm          , Sm          , Gs          , Gs          , Gs          , Gs          , Gs          , Gs          , Gs          , Gs          , Aa^Fda      , Aa^Fda      , Qlf         , Ai          , Gg^Ve       , Gs          , Gs          , Gs          , Ss^Vhs      , Hh^Fds      , Hh          , Chs         , Rb          , Ms^Xm       , Qlf         
Qlf         , Ai          , Rb          , Gs          , Gs          , Gs          , Gs          , Mm          , Hh^Fp       , Gs^Fds      , Gs          , Gs          , Gs          , Gs          , Sm          , Gs          , Hh          , Hh          , Aa          , Ai          , Ai          , Mm          , Mm          , Aa^Fda      , Qlf         , Qlf         , Aa^Fda      , Wot         , Gs          , Gs          , Gg^Fet      , Ss          , Hh          , Mm          , Hh^Fds      , Ss          , Rb          , Ms^Xm       , Qlf         
Qlf         , Ai          , Rb          , Ds          , Gs          , Gs          , Ss^Vhs      , Ss          , Ss          , Gs^Fds      , Gs^Fds      , Gs          , Gs          , Gs          , Sm          , Gs          , Mm          , Aa          , Aa          , Aa          , Aa          , Ai          , Mm          , Qlf         , Aa^Fda      , Aa^Fda      , Wot         , Wot         , Gs          , Gs          , Gs          , Gs          , Rb          , Ss          , Rb          , Ss          , Rb          , Ms^Xm       , Rrc         
Qlf         , Ai          , Rb          , Ds          , Gs          , Gs          , Gs          , Gs          , Gs          , Gs          , Gs          , Gs          , Gs          , Gs          , Sm          , Gs          , Mm          , Aa          , Aa          , Aa^Voa      , Aa          , Aa          , Mm          , Aa^Fda      , Wot         , Wot         , Rb          , Rb          , Rb          , Rb          , Rb          , Rb          , Re^Vct      , Rb          , Rb          , Rb          , Rrc         , Rrc         , Qlf         
Qlf         , Ai          , Rb          , Gs          , Gs          , Gs          , Gs          , Gs          , Gs          , Gs          , Gs          , Gs          , Gs^Vl       , Gs          , Wwf         , Gs          , Gs          , Gs          , Gs          , Gs          , Gs          , Gs          , Wot         , Wot         , Ms^Xm       , Rb          , Rb          , Rb          , Rb          , Rb          , Rb          , Rb          , Rb          , Rb          , Rb          , Rrc         , Cha         , Ai          , Qlf         
Qlf         , Cha         , Rb          , Gs          , Hh^Fp       , Hh^Fp       , Xos         , Xos         , Xos         , Gs          , Gs          , Gs          , Gs          , Gs          , Gs          , Wwf         , Wwf         , Gs          , Gs          , Gs          , Wwf         , Wwf         , Ai          , Ai          , Aa^Voa      , Ms^Xm       , Ms^Xm       , Rb          , Rb          , Rb          , Rrc         , Rb          , Rrc         , Rb          , Rb          , Rrc         , Gg          , Ai          , Qlf         
Qlf         , Ai          , Rb          , Gs          , Xos         , Xos         , Cud         , Cud         , Cud         , Xos         , Xos         , Gs          , Gs          , Gs          , Gs          , Gs          , Gs          , Wwf         , Wwf         , Wwf         , Ce          , Cha         , Rb          , Ai          , Rb          , Aa          , Aa          , Ms^Xm       , Rrc         , Rrc         , Gg          , Rrc         , Cha         , Rrc         , Rrc         , Rrc         , Gg          , Ai          , Qlf         
Qlf         , Ai          , Rb          , Xos         , Kud         , Cud         , Iwr         , Iwr         , Iwr         , Cud         , Kud         , Xos         , Gs          , Gs          , Gs          , Gs          , Wwf         , Wwf         , Ch          , Ce          , 2 Ket       , Rb          , Rb          , Rb          , Rb          , Rb          , Rrc         , Rrc         , Gg          , Cha         , Gg          , Gg          , Gg          , Gg          , Gg          , Cha         , Gg          , Ai          , Qlf         
Qlf         , Ai          , Re^Gvs      , Re^Gvs      , Re^Gvs      , Iwr         , Iwr         , Iwr         , Iwr         , Iwr         , Re^Gvs      , Re^Gvs      , Re^Gvs      , Cha         , Gs          , Wwf         , Rb          , Rb          , Rb          , Rb          , Rb          , Rb          , Rb          , Rb          , Rrc         , Rrc         , Gg          , Gg          , Gg          , Gg          , Gg^Ve       , Gg          , Gg          , Gg          , Gg          , Gg          , Gg          , Ai          , Qlf         
Qlf         , Ai          , Re^Gvs      , Re^Wm       , Re^Gvs      , Iwr         , Iwr         , Iwr         , Iwr         , Iwr         , Re^Gvs      , Re^Wm       , Re^Gvs      , Ai          , Gs          , Wwf         , Rb          , Re^Vct      , Rb          , Rb          , Rb          , Rb          , Rrc         , Rrc         , Gg          , Gg          , Gg          , Gg          , Gg          , Gg          , Gg          , Gg          , Cv          , Cv          , Gg          , Gg          , Md          , Ms^Xm       , Qlf         
Qlf         , Ai          , Re^Gvs      , Re^Wm       , Re^Gvs      , Iwr         , Iwr         , Iwr         , Iwr         , Iwr         , Re^Gvs      , Re^Wm       , Re^Gvs      , Ai          , Gs          , Wwf         , Rb          , Rb          , Rb          , Rb          , Rrc         , Rrc         , Gg          , Gg          , Gg          , Gg          , Gg          , Gg          , Gg          , Gg          , Kv          , Cv          , Gg          , Gg          , Gg          , Gg          , Qlf         , Ms^Xm       , Qlf         
Qlf         , Ai          , Ai          , Re^Gvs      , Ai          , Iwr         , Ai          , Iwr         , Ai          , Iwr         , Ai          , Re^Gvs      , Ai          , Ai          , Ai          , Wwf         , Ai          , Rb          , Rrc         , Rrc         , Ai          , Gg          , Ai          , Gg          , Ai          , Gg          , Ai          , Gg          , Ai          , Gg          , Ai          , Gg          , Ai          , Gg          , Qlf         , Qlf         , Ms^Xm       , Ms^Xm       , Qlf         
Qlf         , Ai          , Qlf         , Ai          , Qlf         , Ai          , Qlf         , Ai          , Qlf         , Ai          , Qlf         , Ai          , Qlf         , Ai          , Qlf         , Qlf         , Rrc         , Rrc         , Qlf         , Ai          , Qlf         , Ai          , Qlf         , Ai          , Qlf         , Ai          , Qlf         , Ai          , Qlf         , Ai          , Qlf         , Ai          , Qlf         , Qlf         , Ms^Xm       , Ms^Xm       , Qlf         , Ms^Xm       , Qlf         
Qlf         , Qlf         , Qlf         , Qlf         , Qlf         , Qlf         , Qlf         , Qlf         , Qlf         , Qlf         , Qlf         , Qlf         , Qlf         , Qlf         , Rrc         , Rrc         , Qlf         , Qlf         , Qlf         , Qlf         , Qlf         , Qlf         , Qlf         , Qlf         , Qlf         , Qlf         , Qlf         , Qlf         , Qlf         , Qlf         , Qlf         , Qlf         , Qlf         , Qlf         , Qlf         , Qlf         , Qlf         , Qlf         , Qlf         
