border_size=1
usage=map

Ms          , Ms          , Ms          , Ms          , Ha          , Aa^Fpa      , Aa^Fpa      , Aa          , Wo          , Wo          , Wo          , Wo          , Gd          , Gd          , Gd          , Xuc         , Uu^Ufi      , Ur          , Uu^Uf       , Urb         , Urb         , Urb         , Ur          , Ur          , Ur          , Ur          , Ql          , Ql          , Rb          , Rb          , Rb          , Rb          , Mm          , Mm          , Mm          , Rb          , Rb          , Rb          , Hd          , Dd          , Dd          , Dd          , Dd          , Dd          , Dd^Edp      , Dd          , Dd          , Dd          , Dd          , Dd          , Dd          , Ds          , Ds          , Ds          , Ds          , Ww          , Ww          , Wo          , Wo          , Wo          , Wo          , Wo          
Ms          , Ms          , Ha          , Ha^Vhha     , Aa          , Aa^Fpa      , Wo          , Wo          , Wo          , Wo          , Gd          , Gd          , Gd          , Gd          , Gg          , Xuc         , Xuc         , Uu^Ufi      , Uu^Vu       , Urb         , Urb         , Urb         , Ur          , Ur          , Ur          , Ur          , Qxu^Bs\     , Ql          , Rb          , Rb          , Rb          , Rb          , Hh          , Mm          , Hh          , Rb          , Rb          , Rb          , Hd          , Hd          , Dd          , Cd          , Kd          , Dd          , Dd          , Dd          , Dd^Dc       , Dd^Esd      , Dd          , Dd          , Dd^Edpp     , Dd          , Dd          , Ds          , Ds          , Ds          , Ds          , Ww          , Ww          , Ww^Ewl      , Wo          , Wo          
Ai          , Ai          , Aa          , Aa          , Wo^Bsb\     , Wo          , Wo          , Wo          , Gd          , Gd          , Gd          , Gd          , Gg          , Gg          , Gs^Fds      , Gs^Fds      , Wwrg        , Xuc         , Xuc         , Uh          , Ur^Emf      , Ur^Emf      , Uu^Ufi      , Ur          , Uh          , Ur          , Ql          , Qxu^Bs\     , Rb          , Rb          , Rb          , Rb          , Rb          , Gll^Fp      , Rb          , Rb          , Rb          , Rb          , Dd^Esd      , Hd          , Dd          , Cd          , Cd          , Cd          , Dd          , Dd          , Dd^Edp      , Dd          , Dd^Esd      , Dd          , Dd          , Dd          , Gg          , Ds          , Ds          , Ds          , Ds          , Ds          , Ds          , Ww          , Ss          , Ss          
Ai          , Ai          , Wo          , Wo          , Wo          , Wo^Bsb\     , Gd          , Gd          , Gd          , Gd          , Gg          , Gg          , Gg          , Gs^Fds      , Gg          , Gg          , Gg          , Ww          , Ww          , Xuc         , Xuc         , Xuc         , Xuc         , Xuc         , Xuc         , Xuc         , Ql          , Ql          , Rb          , Rb          , Rb          , Rb          , Rb          , Rb          , Rb          , Rb          , Rb          , Rb          , Gg          , Dd          , Dd          , Dd          , Dd^Edp      , Dd          , Dd^Esd      , Dd          , Dd          , Dd          , Dd          , Dd          , Gg          , Gg          , Ww          , Ww          , Gs          , Ds          , Ds          , Ds          , Gg          , Ss^Vhs      , Ss          , Ss          
Wo          , Wo          , Wo          , Wo          , Gd          , Gd          , Gd          , Gd          , Gg          , Gg          , Gs^Fds      , Gg          , Gg          , Gg          , Gg          , Gg          , Gg^Es       , Gg          , Gg          , Ww          , Sm          , Ss          , Gg          , Gg          , Gg          , Gg          , Gg          , Ql          , Gd          , Rb          , Rb          , Rb          , Gll^Fp      , Gll^Fp      , Gll^Fp      , Rb          , Rb          , Rb          , Gg          , Gg          , Gg          , Dd          , Dd          , Dd          , Dd          , Dd          , Gg          , Rd          , Rd          , Gg          , Gg          , Gg          , Ww          , Gs          , Gs          , Gs          , Gs          , Gs          , Gg          , Gs          , Gs          , Ss          
Wo          , Wo          , Gd          , Gd          , Gd          , Gd          , Gg          , Gg          , Gs^Fds      , Gs^Fds      , Gg^Efm      , Gg^Efm      , Gg^Efm      , Gg          , Gg^Efm      , Gg          , Gg          , Gg          , Gs          , Gg          , Gg          , Ss^Vhs      , Gg          , Gg          , Gg          , Gg          , Gg          , Gd          , Gd          , Gd          , Gd          , Rb          , Gd          , Gll^Fp      , Gd          , Gg          , Gg          , Gg          , Gg          , Gg          , Gg          , Gg          , Gg          , Hd          , Gg          , Gg          , Gg          , Rd          , Rd          , Gg          , Gg          , Gg          , Ww          , Gg          , Gs          , Gs          , Gg          , Gs          , Re          , Gs          , Gs          , Gs          
Gd          , Gd          , Gd          , Gd          , Re          , Gg          , Gg          , Gg          , Gg          , Gg^Efm      , Gg^Efm      , Gg^Efm      , Gg^Efm      , Gg^Efm      , Gg^Efm      , Gg^Efm      , Gg          , Gs          , Gs          , Gg          , Gs          , Gg          , Gll^Fmf     , Gg          , Gg          , Gg          , Gg          , Gd          , Gd          , Gd          , Gd          , Gd          , Gd          , Gd          , Gd          , Gg          , Gg          , Gg          , Gs          , Gs          , Gll^Fmf     , Gll^Fmf     , Gs          , Gs          , Gs          , Gg          , Gg          , Rd          , Rd          , Gs^Fds      , Gg^Fet      , Gg          , Ww          , Gg          , Ss          , Hh          , Gg          , Re          , Re          , Gs^Fds      , Gs^Fds      , Gs          
Gd          , Gd          , Gs^Fds      , Re          , Re          , Gg          , Gg          , Gg          , Gg          , Gg^Efm      , Gg^Efm      , Gg^Efm      , Gg^Efm      , Gg^Efm      , Gg^Efm      , Gg^Efm      , Gs^Fds      , Gg          , Gg          , Gs          , Gg          , Gs          , Gs^Em       , Gll^Fmf     , Gg^Em       , Gg          , Gg          , Gd          , Gd          , Gd          , Gd          , Gd          , Gd          , Gd          , Gd          , Gg          , Gg          , Gg^Es       , Gs          , Gs          , Gs          , Gll^Fmf     , Gs          , Gs          , Gs          , Gg          , Gg          , Rd          , Rd          , Gs^Fds      , Gg          , Gg          , Gg          , Ww          , Hh          , Hh^Fms      , Gg          , Re          , Re          , Gs^Fds      , Re          , Gg          
Gg          , Gs^Fds      , Gs^Fds      , Re          , Re          , Gg          , Gg          , Gg          , Gg          , Gg          , Gg          , Gg^Efm      , Gg^Efm      , Gg^Efm      , Gs^Fds      , Gs^Fds      , Hh          , Gg          , Gg          , Gg          , Cv          , Gg          , Gg          , Gg^Em       , Gg          , Gg          , Gg          , Gd          , Hh          , Gd          , Hh          , Gd          , Hh          , Hh^Vhh      , Hh          , Gg          , Gg^Efm      , Gg          , Gg          , Gg          , Gg          , Gg          , Cv          , Gg          , Gg          , Gg          , Gg          , Rd          , Rd          , Gg          , Gg          , Gg          , Gs          , Gg          , Gs          , Gg          , Gg          , Re          , Re          , Re          , Ch          , Gg          
Gg          , Gg^Ve       , Re          , Re          , Re          , Gg          , Gg          , Hh          , Rr          , Gg          , Gg          , Gg          , Gg          , Gg          , Gg          , Gg          , Gg          , Gg          , Gg          , Gg          , Kv          , Cv          , Rrc         , Gg          , Rrc         , Gg          , Rrc         , Mm^Xm       , Mm^Xm       , Mm^Xm       , Mm^Xm       , Mm^Xm       , Mm^Xm       , Mm^Xm       , Mm^Xm       , Mm^Xm       , Rrc         , Gg          , Rrc         , Gg          , Rrc         , Cv          , Kv          , Gg          , Gg          , Gg          , Gg          , Rd          , Md          , Hh^Fp       , Hh          , Gg          , Gs          , Gs          , Gs          , Gs          , Gg          , Re          , Rr          , Ch          , 2 Kh        , Gg          
Gg          , Re          , Re          , Re          , Re          , Gg          , Rr          , Rr          , Gs          , Rr          , Rr          , Gg          , Gg          , Gg          , Gg          , Gg          , Gg          , Gg          , Gg          , Gg          , Cv          , Cv          , Gg          , Rrc         , Gg          , Rrc         , Gg^Efm      , Mm^Xm       , Mm^Xm       , Mm^Xm       , Mm^Xm       , Mm^Xm       , Mm^Xm       , Mm^Xm       , Mm^Xm       , Mm^Xm       , Gg          , Rrc         , Gg          , Rrc         , Gg          , Cv          , Cv          , Gg          , Gg          , Gg          , Gg          , Hh^Fp       , Hh          , Hh^Vhh      , Rr          , Gg          , Gs          , Gs          , Hh^Fds      , Gs          , Rr          , Rr          , Re          , Ch          , Ch          , Gg          
Gg          , Ch          , Ch          , Re          , Rr          , Rr          , Gs          , Hh^Fds      , Gs          , Gs          , Gg          , Rr          , Hh^Vhh      , Hh          , Hh^Fp       , Gg          , Gg          , Gg          , Gg          , Gg          , Gg          , Gg          , Gg          , Gg          , Gg          , Gg          , Gg          , Mm^Xm       , Hh          , Mm^Xm       , Hh          , Mm^Xm       , Hh          , Mm^Xm       , Hh          , Mm^Xm       , Gg          , Gg          , Gg          , Gg          , Gg          , Gg          , Gg          , Gg          , Gg          , Gg          , Gg          , Gg          , Gg          , Gg          , Gg          , Rr          , Rr          , Gs          , Rr          , Rr          , Gg          , Re          , Re          , Re          , Re          , Gg          
Gg          , 1 Kh        , Ch          , Rr          , Re          , Gg          , Gs          , Gs          , Gs          , Gs          , Gg          , Hh          , Hh^Fp       , Mm          , Rd          , Gg          , Gg          , Gg          , Gs          , Gg          , Gg          , Gg          , Gg          , Gg          , Gg          , Gg          , Gg          , Gd          , Gd          , Hh^Vhh      , Gd          , Gd          , Gd          , Gd          , Gd          , Gd          , Gg          , Gg          , Gs          , Gg          , Gg^Em       , Gg          , Gg          , Gg          , Gg          , Gg          , Gg          , Gg          , Gg          , Gg          , Gg          , Gg          , Gg          , Rr          , Hh          , Gg          , Gg          , Re          , Re          , Re          , Gg^Ve       , Gg          
Gg          , Ch          , Re          , Re          , Re          , Gg          , Hh^Fms      , Hh          , Ss          , Gg          , Gg          , Gg          , Gg          , Rd          , Rd          , Gg          , Gg^Es       , Gs          , Gs          , Gs          , Gll^Fmf     , Gs          , Gg          , Gg          , Gg          , Gg          , Gg          , Gd          , Gd          , Gd          , Gd          , Gd          , Gd          , Gd          , Gd          , Gd          , Gg          , Gg          , Gs          , Gs^Em       , Gll^Fmf     , Gs          , Gs          , Gg^Es       , Gg          , Hh          , Gs^Fds      , Gs^Fds      , Gg^Efm      , Gg^Efm      , Gg^Efm      , Gg          , Gg          , Gg          , Gg          , Gg          , Gg          , Re          , Re          , Gs^Fds      , Gs^Fds      , Gg          
Gg          , Re          , Gs^Fds      , Re          , Re          , Gg          , Gg          , Hh          , Ww          , Gg          , Gg          , Gg          , Gs^Fds      , Rd          , Rd          , Gg          , Gg          , Gg          , Gs          , Gs          , Gll^Fmf     , Gll^Fmf     , Gs          , Gg          , Gg          , Gg          , Gg          , Gd          , Gd          , Gd          , Gd          , Gd          , Gd          , Gd          , Gd          , Gd          , Gg          , Gg          , Gg          , Gs          , Gs          , Gll^Fmf     , Gs          , Gs          , Gg          , Gs^Fds      , Gg          , Gg^Efm      , Gg^Efm      , Gg^Efm      , Gg^Efm      , Gg^Efm      , Gg^Efm      , Gg          , Gg          , Gg          , Gg          , Re          , Re          , Gs^Fds      , Gd          , Gd          
Gg          , Gs^Fds      , Gs^Fds      , Gs          , Gs          , Gg          , Gg          , Gg          , Gg          , Ww          , Gg          , Gg^Fet      , Gs^Fds      , Rd          , Rd          , Gg          , Gg          , Gg          , Gg          , Gg          , Gg          , Gs          , Gs          , Gs^Es       , Gg          , Gg          , Gg          , Gd          , Gll^Fp      , Gll^Fp      , Gll^Fp      , Gd          , Gd          , Gd          , Gd          , Gd          , Gg          , Gg          , Gg          , Gg          , Gg          , Gs          , Gg          , Gs          , Gg          , Gg          , Gg          , Gg^Efm      , Gg^Efm      , Gg^Efm      , Gg^Efm      , Gg^Efm      , Gg^Efm      , Gg          , Gg          , Gg          , Gg          , Re          , Gd          , Gd          , Gd          , Gd          
Gg          , Gs          , Gs          , Gs          , Gs          , Gg          , Gg          , Gg          , Gg          , Ww          , Gg          , Gg          , Gg          , Rd          , Rd          , Gg          , Gg          , Gg          , Hd          , Gg          , Gg          , Gg          , Gg          , Gg          , Gg          , Gg          , Rb          , Rb          , Rb          , Gll^Fp      , Rb          , Gg          , Rb          , Gg          , Gg          , Gd          , Gg          , Gg^Es       , Gg          , Gg          , Ss^Vhs      , Gg          , Gg          , Gg          , Gg          , Gg          , Gg          , Gg          , Gg^Efm      , Gg^Efm      , Gg^Efm      , Gg^Efm      , Gs^Fds      , Gs^Fds      , Gg          , Gg          , Gs          , Gd          , Gd          , Gd          , Wo          , Wo          
Ss          , Gs          , Gs          , Gs          , Gs          , Gg          , Gg          , Gg          , Gg          , Ww          , Gg          , Gg          , Gg          , Rd          , Rd          , Gg          , Dd          , Dd          , Dd          , Dd          , Dd          , Gg          , Gg          , Gg          , Rb          , Rb          , Rb          , Rb          , Rb          , Rb          , Rb          , Rb          , Rb          , Rb          , Gg          , Gg          , Gg          , Gg          , Gg          , Gg          , Ss          , Sm          , Ww          , Gg          , Gg          , Gg          , Gg          , Gg          , Gg          , Gg^Efm      , Gg          , Gs^Fds      , Gg          , Gg          , Gd          , Gd          , Gd          , Gd          , Wo          , Wo          , Wo          , Wo          
Ss          , Ss          , Ss^Vhs      , Gs          , Ds          , Ds          , Ds          , Gg          , Ww          , Ww          , Gg          , Gg          , Dd          , Dd          , Dd^Edp      , Dd          , Dd          , Dd          , Cd          , Dd          , Dd^Edp      , Dd          , Dd          , Gg          , Rb          , Rb          , Rb          , Rb          , Rb          , Rb          , Rb          , Rb          , Rb          , Rb          , Ql          , Ql          , Xuc         , Xuc         , Xuc         , Xuc         , Xuc         , Xuc         , Xuc         , Ww          , Ww          , Gg          , Gg          , Gg          , Gs^Fds      , Gg          , Gg          , Gg          , Gd          , Gd          , Gd          , Gd          , Wo^Bsb\     , Wo          , Wo          , Wo          , Ai          , Ai          
Ss          , Ss          , Ww          , Ds          , Ds          , Ds^Esd      , Ds          , Ds          , Ds          , Gg          , Dd          , Dd          , Dd          , Dd          , Dd          , Dd          , Dd^Edp      , Cd          , Kd          , Cd          , Dd          , Dd^Esd      , Dd          , Dd^Esd      , Rb          , Rb          , Rb          , Rb          , Gll^Fp      , Rb          , Rb          , Rb          , Rb          , Rb          , Qxu^Bs\     , Ql          , Ur          , Uh          , Ur          , Uu^Ufi      , Ur^Emf      , Ur^Emf      , Uh          , Xuc         , Xuc         , Wwrg        , Gs^Fds      , Gs^Fds      , Gg          , Gg          , Gd          , Gd          , Gd          , Gd          , Wo          , Wo          , Wo          , Wo^Bsb\     , Aa          , Aa          , Ai          , Ai          
Wo          , Wo          , Ww^Ewl      , Ww          , Ww          , Ds          , Ds          , Ds^Esd      , Ds^Esd      , Dd          , Dd          , Dd^Edpp     , Dd          , Dd          , Dd^Dc       , Dd          , Dd          , Dd          , Dd          , Cd          , Dd          , Dd          , Hd          , Hd          , Rb          , Rb          , Rb          , Hh          , Mm          , Hh          , Rb          , Rb          , Rb          , Rb          , Ql          , Qxu^Bs\     , Ur          , Ur          , Ur          , Ur          , Ur          , Ur          , Ur          , Uu^Vu       , Uu^Ufi      , Xuc         , Xuc         , Gg          , Gd          , Gd          , Gd          , Gd          , Wo          , Wo          , Wo          , Wo          , Aa^Fpa      , Aa          , Ha^Vhha     , Ha          , Ms          , Ms          
Wo          , Wo          , Wo          , Wo          , Wo          , Ww          , Ds          , Ds          , Ds          , Ds          , Dd          , Dd          , Dd          , Dd          , Dd          , Dd          , Dd          , Dd          , Dd          , Dd          , Dd          , Dd          , Dd          , Hd          , Rb          , Rb          , Rb          , Mm          , Mm          , Mm          , Rb          , Rb          , Rb          , Rb          , Ql          , Ql          , Ur          , Ur          , Ur          , Ur          , Ur          , Ur          , Ur          , Uu^Ufi      , Ur          , Uu^Uf       , Xuc         , Gd          , Gd          , Gd          , Wo          , Wo          , Wo          , Wo          , Aa          , Aa^Fpa      , Aa^Fpa      , Ha          , Ms          , Ms          , Ms          , Ms          
